Archive member included to satisfy reference by file (symbol)

c:/nxp/s32ds_power_v2.1/s32ds/build_tools/powerpc-eabivle-4_9/bin/../lib/gcc/powerpc-eabivle/4.9.4/e200z4/fp\libgcc.a(eabivle.o)
                              ./Sources/main.o (__eabi)

Discarded input sections

 .text          0x00000000        0x0 c:/nxp/s32ds_power_v2.1/s32ds/build_tools/powerpc-eabivle-4_9/bin/../lib/gcc/powerpc-eabivle/4.9.4/e200z4/fp/ecrti.o
 .data          0x00000000        0x0 c:/nxp/s32ds_power_v2.1/s32ds/build_tools/powerpc-eabivle-4_9/bin/../lib/gcc/powerpc-eabivle/4.9.4/e200z4/fp/ecrti.o
 .bss           0x00000000        0x0 c:/nxp/s32ds_power_v2.1/s32ds/build_tools/powerpc-eabivle-4_9/bin/../lib/gcc/powerpc-eabivle/4.9.4/e200z4/fp/ecrti.o
 .fixup         0x00000000        0x0 c:/nxp/s32ds_power_v2.1/s32ds/build_tools/powerpc-eabivle-4_9/bin/../lib/gcc/powerpc-eabivle/4.9.4/e200z4/fp/ecrti.o
 .sbss          0x00000000        0x0 c:/nxp/s32ds_power_v2.1/s32ds/build_tools/powerpc-eabivle-4_9/bin/../lib/gcc/powerpc-eabivle/4.9.4/e200z4/fp/ecrti.o
 .sbss2         0x00000000        0x0 c:/nxp/s32ds_power_v2.1/s32ds/build_tools/powerpc-eabivle-4_9/bin/../lib/gcc/powerpc-eabivle/4.9.4/e200z4/fp/ecrti.o
 .gcc_except_table
                0x00000000        0x0 c:/nxp/s32ds_power_v2.1/s32ds/build_tools/powerpc-eabivle-4_9/bin/../lib/gcc/powerpc-eabivle/4.9.4/e200z4/fp/ecrti.o
 .data          0x00000000        0x4 c:/nxp/s32ds_power_v2.1/s32ds/build_tools/powerpc-eabivle-4_9/bin/../lib/gcc/powerpc-eabivle/4.9.4/e200z4/fp/crtbegin.o
 .group         0x00000000        0x8 ./FreeMaster_MPC57xxx/src_common/freemaster_appcmd.o
 .group         0x00000000        0x8 ./FreeMaster_MPC57xxx/src_common/freemaster_appcmd.o
 .group         0x00000000        0x8 ./FreeMaster_MPC57xxx/src_common/freemaster_appcmd.o
 .group         0x00000000        0x8 ./FreeMaster_MPC57xxx/src_common/freemaster_appcmd.o
 .group         0x00000000        0x8 ./FreeMaster_MPC57xxx/src_common/freemaster_appcmd.o
 .group         0x00000000        0x8 ./FreeMaster_MPC57xxx/src_common/freemaster_appcmd.o
 .group         0x00000000        0x8 ./FreeMaster_MPC57xxx/src_common/freemaster_appcmd.o
 .group         0x00000000        0x8 ./FreeMaster_MPC57xxx/src_common/freemaster_appcmd.o
 .group         0x00000000        0x8 ./FreeMaster_MPC57xxx/src_common/freemaster_appcmd.o
 .group         0x00000000        0x8 ./FreeMaster_MPC57xxx/src_common/freemaster_appcmd.o
 .group         0x00000000        0x8 ./FreeMaster_MPC57xxx/src_common/freemaster_appcmd.o
 .group         0x00000000        0x8 ./FreeMaster_MPC57xxx/src_common/freemaster_appcmd.o
 .group         0x00000000        0x8 ./FreeMaster_MPC57xxx/src_common/freemaster_appcmd.o
 .text          0x00000000        0x0 ./FreeMaster_MPC57xxx/src_common/freemaster_appcmd.o
 .data          0x00000000        0x0 ./FreeMaster_MPC57xxx/src_common/freemaster_appcmd.o
 .bss           0x00000000        0x0 ./FreeMaster_MPC57xxx/src_common/freemaster_appcmd.o
 .text.FMSTR_FindAppCmdCallIndex
                0x00000000       0x3c ./FreeMaster_MPC57xxx/src_common/freemaster_appcmd.o
 .text.FMSTR_InitAppCmds
                0x00000000       0x30 ./FreeMaster_MPC57xxx/src_common/freemaster_appcmd.o
 .text.FMSTR_StoreAppCmd
                0x00000000       0x7c ./FreeMaster_MPC57xxx/src_common/freemaster_appcmd.o
 .text.FMSTR_GetAppCmdStatus
                0x00000000       0x6a ./FreeMaster_MPC57xxx/src_common/freemaster_appcmd.o
 .text.FMSTR_GetAppCmdRespData
                0x00000000       0x6a ./FreeMaster_MPC57xxx/src_common/freemaster_appcmd.o
 .text.FMSTR_AppCmdAck
                0x00000000       0x12 ./FreeMaster_MPC57xxx/src_common/freemaster_appcmd.o
 .text.FMSTR_AppCmdSetResponseData
                0x00000000       0x50 ./FreeMaster_MPC57xxx/src_common/freemaster_appcmd.o
 .text.FMSTR_GetAppCmd
                0x00000000       0x28 ./FreeMaster_MPC57xxx/src_common/freemaster_appcmd.o
 .text.FMSTR_GetAppCmdData
                0x00000000       0x58 ./FreeMaster_MPC57xxx/src_common/freemaster_appcmd.o
 .text.FMSTR_RegisterAppCmdCall
                0x00000000       0x96 ./FreeMaster_MPC57xxx/src_common/freemaster_appcmd.o
 .sbss.pcm_nAppCmdLen
                0x00000000        0x2 ./FreeMaster_MPC57xxx/src_common/freemaster_appcmd.o
 .bss.pcm_pAppCmdCallFunc
                0x00000000       0x10 ./FreeMaster_MPC57xxx/src_common/freemaster_appcmd.o
 .sbss.pcm_nAppCmdResultDataLen
                0x00000000        0x1 ./FreeMaster_MPC57xxx/src_common/freemaster_appcmd.o
 .sbss.pcm_nAppCmd
                0x00000000        0x1 ./FreeMaster_MPC57xxx/src_common/freemaster_appcmd.o
 .sbss.pcm_pAppCmdCallId
                0x00000000        0x4 ./FreeMaster_MPC57xxx/src_common/freemaster_appcmd.o
 .sbss.pcm_nAppCmdResult
                0x00000000        0x1 ./FreeMaster_MPC57xxx/src_common/freemaster_appcmd.o
 .bss.pcm_pAppCmdBuff
                0x00000000       0x20 ./FreeMaster_MPC57xxx/src_common/freemaster_appcmd.o
[...]
Memory Configuration

Name             Origin             Length             Attributes
flash_rchw       0x00fa0000         0x00000004
cpu0_reset_vec   0x00fa0010         0x00000004
cpu1_reset_vec   0x00fa0014         0x00000004
cpu2_reset_vec   0x00fa0004         0x00000004
m_text           0x01000000         0x001d0000
m_data           0x40000000         0x00040000
*default*        0x00000000         0xffffffff

Linker script and memory map

LOAD c:/nxp/s32ds_power_v2.1/s32ds/build_tools/powerpc-eabivle-4_9/bin/../lib/gcc/powerpc-eabivle/4.9.4/e200z4/fp/ecrti.o
LOAD c:/nxp/s32ds_power_v2.1/s32ds/build_tools/powerpc-eabivle-4_9/bin/../lib/gcc/powerpc-eabivle/4.9.4/e200z4/fp/crtbegin.o
LOAD ./FreeMaster_MPC57xxx/src_common/freemaster_appcmd.o
LOAD ./FreeMaster_MPC57xxx/src_common/freemaster_bdm.o
LOAD ./FreeMaster_MPC57xxx/src_common/freemaster_can.o
LOAD ./FreeMaster_MPC57xxx/src_common/freemaster_lin.o
LOAD ./FreeMaster_MPC57xxx/src_common/freemaster_pipes.o
LOAD ./FreeMaster_MPC57xxx/src_common/freemaster_protocol.o
LOAD ./FreeMaster_MPC57xxx/src_common/freemaster_rec.o
LOAD ./FreeMaster_MPC57xxx/src_common/freemaster_scope.o
LOAD ./FreeMaster_MPC57xxx/src_common/freemaster_serial.o
LOAD ./FreeMaster_MPC57xxx/src_common/freemaster_sfio.o
LOAD ./FreeMaster_MPC57xxx/src_common/freemaster_tsa.o
LOAD ./FreeMaster_MPC57xxx/src_platforms/MPC57xx/freemaster_MPC57xx.o
LOAD ./Generated_Code/Cpu.o
LOAD ./Generated_Code/clockMan1.o
LOAD ./Generated_Code/pin_mux.o
LOAD ./Project_Settings/Startup_Code/core0_intc_sw_handlers.o
LOAD ./Project_Settings/Startup_Code/interrupt_vectors.o
LOAD ./Project_Settings/Startup_Code/startup_MPC5748G.o
LOAD ./SDK/platform/devices/MPC5748G/startup/system_MPC5748G.o
LOAD ./SDK/platform/devices/startup.o
LOAD ./SDK/platform/drivers/src/clock/MPC57xx/clock_MPC57xx.o
LOAD ./SDK/platform/drivers/src/interrupt/interrupt_manager_MPC57xx.o
LOAD ./SDK/platform/drivers/src/pins/siul2/pins_siul2_driver.o
LOAD ./SDK/platform/drivers/src/pins/siul2/siul2_hw_access.o
LOAD ./Sources/main.o
LOAD C:/NXP/S32DS_Power_v2.1/S32DS/software/AMMCLIB_1.1.15/MPC574xG_AMMCLIB_v1.1.15/lib/s32ds_ppc/e200z4\MPC574xG_AMMCLIB.a
START GROUP
LOAD C:/NXP/S32DS_Power_v2.1/S32DS/build_tools/e200_ewl2/lib/e200z4/fp\libc99.a
LOAD C:/NXP/S32DS_Power_v2.1/S32DS/build_tools/e200_ewl2/lib/e200z4/fp\libm.a
LOAD c:/nxp/s32ds_power_v2.1/s32ds/build_tools/powerpc-eabivle-4_9/bin/../lib/gcc/powerpc-eabivle/4.9.4/e200z4/fp\libgcc.a
LOAD C:/NXP/S32DS_Power_v2.1/S32DS/build_tools/e200_ewl2/lib/e200z4/fp\librt.a
END GROUP
LOAD c:/nxp/s32ds_power_v2.1/s32ds/build_tools/powerpc-eabivle-4_9/bin/../lib/gcc/powerpc-eabivle/4.9.4/e200z4/fp/crtend.o
LOAD c:/nxp/s32ds_power_v2.1/s32ds/build_tools/powerpc-eabivle-4_9/bin/../lib/gcc/powerpc-eabivle/4.9.4/e200z4/fp/ecrtn.o
                0x00000000                __HEAP_SIZE = DEFINED (__heap_size__)?__heap_size__:0x0
                0x00001000                __STACK_SIZE = DEFINED (__stack_size__)?__stack_size__:0x1000
                0x01000000                FLASH_BASE_ADDR = DEFINED (__flash_base_addr__)?__flash_base_addr__:0x1000000
                0x001d0000                FLASH_SIZE = DEFINED (__flash_size__)?__flash_size__:0x1d0000
                0x40000000                SRAM_BASE_ADDR = DEFINED (__sram_base_addr__)?__sram_base_addr__:0x40000000
                0x00040000                SRAM_SIZE = DEFINED (__sram_size__)?__sram_size__:0x40000

.rchw           0x00fa0000        0x4
 *(.rchw)
 .rchw          0x00fa0000        0x4 ./Project_Settings/Startup_Code/startup_MPC5748G.o

.cpu0_reset_vector
                0x00fa0010        0x4
 *(.cpu0_reset_vector)
 .cpu0_reset_vector
                0x00fa0010        0x4 ./Project_Settings/Startup_Code/startup_MPC5748G.o

.cpu1_reset_vector
 *(.cpu1_reset_vector)

.cpu2_reset_vector
 *(.cpu2_reset_vector)

.startup        0x01000000      0x168
                0x01000000                __start = .
 *(.startup)
 .startup       0x01000000      0x168 ./Project_Settings/Startup_Code/startup_MPC5748G.o
                0x01000000                Reset_Handler
                0x01000000                _start

.core_exceptions_table
                0x01001000       0xb4
                0x01001000                __IVPR_VALUE = .
 *(.core_exceptions_table)
 .core_exceptions_table
                0x01001000       0xb4 ./Project_Settings/Startup_Code/interrupt_vectors.o
                0x01001000                IVOR0_Vector
                0x01001000                VTABLE
                0x01001010                IVOR1_Vector
                0x01001020                IVOR2_Vector
                0x01001030                IVOR3_Vector
                0x01001040                IVOR4_Vector
                0x01001050                IVOR5_Vector
                0x01001060                IVOR6_Vector
                0x01001070                IVOR35_Vector
                0x01001080                IVOR8_Vector
                0x01001090                IVOR15_Vector
                0x010010a0                IVOR33_Vector
                0x010010b0                IVOR34_Vector

.intc_vector_table
                0x01002000      0xbcc
                0x01002000                __VECTOR_TABLE = .
                0x01002000                __interrupts_start__ = .
 *(.intc_vector_table)
 .intc_vector_table
                0x01002000      0xbcc ./Project_Settings/Startup_Code/startup_MPC5748G.o
                0x01002000                __isr_vector
                0x01002bc8                LINFLEXD6_UART_ErrIRQHandler
                0x01002bc8                LINFLEXD5_UART_ErrIRQHandler
                0x01002bc8                DSPI1_Send_IRQHandler
                0x01002bc8                DSPI0_FIFO_Error_IRQHandler
                0x01002bc8                SIUL_EIRQ_16_23_IRQHandler
                0x01002bc8                CAN4_ORed_12_15_MB_IRQHandler
                0x01002bc8                LINFLEXD3_UART_ErrIRQHandler
                0x01002bc8                PIT_Ch15_IRQHandler
                0x01002bc8                CAN5_Error_IRQHandler
                0x01002bc8                CAN1_ORed_12_15_MB_IRQHandler
                0x01002bc8                DMA0_Ch31_IRQHandler
                0x01002bc8                EMIOS0_30_31_IRQHandler
                0x01002bc8                SWT0_IRQHandler
                0x01002bc8                PIT_Ch10_IRQHandler
                0x01002bc8                SAI2_Rx_IRQHandler
                0x01002bc8                LINFLEXD2_UART_TxIRQHandler
                0x01002bc8                CAN2_ORed_12_15_MB_IRQHandler
                0x01002bc8                PIT_Ch14_IRQHandler
                0x01002bc8                PIT_Ch0_IRQHandler
                0x01002bc8                DSPI6_Send_IRQHandler
                0x01002bc8                EMIOS1_26_27_IRQHandler
                0x01002bc8                LINFLEXD10_UART_RxIRQHandler
                0x01002bc8                DMA0_Ch27_IRQHandler
                0x01002bc8                LINFLEXD13_UART_RxIRQHandler
                0x01002bc8                EMIOS0_22_23_IRQHandler
                0x01002bc8                EMIOS1_28_29_IRQHandler
                0x01002bc8                CAN1_ORed_IRQHandler
                0x01002bc8                SAI0_Rx_IRQHandler
                0x01002bc8                DSPI3_Receive_IRQHandler
                0x01002bc8                EMIOS1_30_31_IRQHandler
                0x01002bc8                EMIOS0_10_11_IRQHandler
                0x01002bc8                ADC0_WD_IRQHandler
                0x01002bc8                STM2_Ch2_IRQHandler
                0x01002bc8                IVOR34_Exception_Handler
                0x01002bc8                DSPI4_Send_IRQHandler
                0x01002bc8                DSPI5_FIFO_Error_IRQHandler
                0x01002bc8                USBOTG_IRQHandler
                0x01002bc8                EMIOS1_00_01_IRQHandler
                0x01002bc8                ADC1_WD_IRQHandler
                0x01002bc8                IVOR5_Exception_Handler
                0x01002bc8                ENET0_Rx_1_IRQHandler
                0x01002bc8                DMA0_Ch6_IRQHandler
                0x01002bc8                LINFLEXD0_UART_ErrIRQHandler
                0x01002bc8                LINFLEXD14_UART_RxIRQHandler
                0x01002bc8                ENET1_Rx_2_IRQHandler
                0x01002bc8                LINFLEXD5_UART_RxIRQHandler
                0x01002bc8                LINFLEXD7_UART_RxIRQHandler
                0x01002bc8                CAN2_ORed_04_07_MB_IRQHandler
                0x01002bc8                SWT2_IRQHandler
                0x01002bc8                CAN7_ORed_IRQHandler
                0x01002bc8                ENET0_Tx_2_IRQHandler
                0x01002bc8                DSPI3_Send_IRQHandler
                0x01002bc8                IVOR2_Exception_Handler
                0x01002bc8                LINFLEXD11_UART_TxIRQHandler
                0x01002bc8                ENET1_Tx_IRQHandler
                0x01002bc8                CAN3_Error_IRQHandler
                0x01002bc8                CAN1_ORed_64_95_MB_IRQHandler
                0x01002bc8                CAN2_Error_IRQHandler
                0x01002bc8                SAI2_Tx_IRQHandler
                0x01002bc8                PIT_Ch7_IRQHandler
                0x01002bc8                CAN5_ORed_04_07_MB_IRQHandler
                0x01002bc8                ENET0_Parser_IRQHandler
                0x01002bc8                EMIOS2_26_27_IRQHandler
                0x01002bc8                EMIOS2_00_01_IRQHandler
                0x01002bc8                LINFLEXD10_UART_TxIRQHandler
                0x01002bc8                LINFLEXD13_UART_TxIRQHandler
                0x01002bc8                DMA0_Ch24_IRQHandler
                0x01002bc8                IVOR33_Exception_Handler
                0x01002bc8                DMA0_Ch13_IRQHandler
                0x01002bc8                STM2_Ch3_IRQHandler
                0x01002bc8                WKPU_23_16_IRQHandler
                0x01002bc8                DMA0_Ch7_IRQHandler
                0x01002bc8                EMIOS0_24_25_IRQHandler
                0x01002bc8                CAN3_ORed_16_31_MB_IRQHandler
                0x01002bc8                LINFLEXD0_UART_TxIRQHandler
                0x01002bc8                DMA0_Ch16_IRQHandler
                0x01002bc8                DSPI9_FIFO_Error_IRQHandler
                0x01002bc8                DMA0_Ch30_IRQHandler
                0x01002bc8                DSPI2_FIFO_Error_IRQHandler
                0x01002bc8                CAN1_ORed_00_03_MB_IRQHandler
                0x01002bc8                LINFLEXD9_UART_ErrIRQHandler
                0x01002bc8                SAI0_Tx_IRQHandler
                0x01002bc8                ADC1_ER_IRQHandler
                0x01002bc8                DSPI9_Receive_IRQHandler
                0x01002bc8                CAN5_ORed_00_03_MB_IRQHandler
                0x01002bc8                LINFLEXD14_UART_TxIRQHandler
                0x01002bc8                LINFLEXD9_UART_TxIRQHandler
                0x01002bc8                LINFLEXD17_UART_RxIRQHandler
                0x01002bc8                DMA0_Ch17_IRQHandler
                0x01002bc8                DMA0_Ch2_IRQHandler
                0x01002bc8                DSPI6_Receive_IRQHandler
                0x01002bc8                DMA0_Ch10_IRQHandler
                0x01002bc8                LINFLEXD10_UART_ErrIRQHandler
                0x01002bc8                PIT_Ch1_IRQHandler
                0x01002bc8                EMIOS0_12_13_IRQHandler
                0x01002bc8                PIT_Ch5_IRQHandler
                0x01002bc8                DSPI0_Send_IRQHandler
                0x01002bc8                DMA0_Ch9_IRQHandler
                0x01002bc8                ENET1_Rx_IRQHandler
                0x01002bc8                EMIOS1_14_15_IRQHandler
                0x01002bc8                LINFLEXD16_UART_ErrIRQHandler
                0x01002bc8                CAN5_ORed_64_95_MB_IRQHandler
                0x01002bc8                LINFLEXD14_UART_ErrIRQHandler
                0x01002bc8                CAN4_ORed_IRQHandler
                0x01002bc8                BCTU_ListLast_IRQHandler
                0x01002bc8                ENET0_Rx_IRQHandler
                0x01002bc8                DMA0_Ch3_IRQHandler
                0x01002bc8                DSPI0_Receive_IRQHandler
                0x01002bc8                DMA0_Ch0_IRQHandler
                0x01002bc8                DMA0_Ch4_IRQHandler
                0x01002bc8                I2C_DRV_Module2IRQHandler
                0x01002bc8                SAI1_Tx_IRQHandler
                0x01002bc8                CAN7_ORed_08_11_MB_IRQHandler
                0x01002bc8                EMIOS0_14_15_IRQHandler
                0x01002bc8                PIT_Ch2_IRQHandler
                0x01002bc8                CMP0_IRQHandler
                0x01002bc8                DMA0_Ch28_IRQHandler
                0x01002bc8                CAN0_Wake_Up_IRQHandler
                0x01002bc8                STM2_Ch0_IRQHandler
                0x01002bc8                ADC0_EOC_IRQHandler
                0x01002bc8                LINFLEXD11_UART_ErrIRQHandler
                0x01002bc8                DMA0_Ch23_IRQHandler
                0x01002bc8                EMIOS0_16_17_IRQHandler
                0x01002bc8                DSPI2_Send_IRQHandler
                0x01002bc8                DMA0_Ch5_IRQHandler
                0x01002bc8                ENET1_Timer_IRQHandler
                0x01002bc8                CAN7_ORed_04_07_MB_IRQHandler
                0x01002bc8                PIT_Ch11_IRQHandler
                0x01002bc8                CAN0_Error_IRQHandler
                0x01002bc8                CAN5_ORed_08_11_MB_IRQHandler
                0x01002bc8                PIT_Ch12_IRQHandler
                0x01002bc8                CAN3_ORed_32_63_MB_IRQHandler
                0x01002bc8                ENET0_Rx_2_IRQHandler
                0x01002bc8                CAN5_ORed_IRQHandler
                0x01002bc8                LINFLEXD11_UART_RxIRQHandler
                0x01002bc8                CAN2_ORed_16_31_MB_IRQHandler
                0x01002bc8                CAN4_ORed_04_07_MB_IRQHandler
                0x01002bc8                ENET0_Tx_1_IRQHandler
                0x01002bc8                LINFLEXD15_UART_RxIRQHandler
                0x01002bc8                DSPI2_Receive_IRQHandler
                0x01002bc8                LINFLEXD1_UART_ErrIRQHandler
                0x01002bc8                EMIOS1_10_11_IRQHandler
                0x01002bc8                PIT_Ch4_IRQHandler
                0x01002bc8                EMIOS2_28_29_IRQHandler
                0x01002bc8                CAN7_ORed_00_03_MB_IRQHandler
                0x01002bc8                CAN6_ORed_08_11_MB_IRQHandler
                0x01002bc8                DSPI1_FIFO_Error_IRQHandler
                0x01002bc8                CAN2_ORed_32_63_MB_IRQHandler
                0x01002bc8                CAN1_ORed_16_31_MB_IRQHandler
                0x01002bc8                LINFLEXD13_UART_ErrIRQHandler
                0x01002bc8                LINFLEXD12_UART_TxIRQHandler
                0x01002bc8                DSPI4_FIFO_Error_IRQHandler
                0x01002bc8                CAN7_ORed_12_15_MB_IRQHandler
                0x01002bc8                IVOR15_Exception_Handler
                0x01002bc8                ENET0_Err_IRQHandler
                0x01002bc8                CAN0_ORed_04_07_MB_IRQHandler
                0x01002bc8                LINFLEXD4_UART_TxIRQHandler
                0x01002bc8                CAN4_ORed_16_31_MB_IRQHandler
                0x01002bc8                CAN3_ORed_00_03_MB_IRQHandler
                0x01002bc8                DSPI7_Receive_IRQHandler
                0x01002bc8                DMA0_Ch20_IRQHandler
                0x01002bc8                LINFLEXD8_UART_TxIRQHandler
                0x01002bc8                ADC0_ER_IRQHandler
                0x01002bc8                CAN6_ORed_04_07_MB_IRQHandler
                0x01002bc8                ENET1_Tx_1_IRQHandler
                0x01002bc8                SIUL_EIRQ_00_07_IRQHandler
                0x01002bc8                CAN3_ORed_08_11_MB_IRQHandler
                0x01002bc8                EMIOS1_04_05_IRQHandler
                0x01002bc8                STM2_Ch1_IRQHandler
                0x01002bc8                DSPI7_FIFO_Error_IRQHandler
                0x01002bc8                SIUL_EIRQ_24_31_IRQHandler
                0x01002bc8                EMIOS1_06_07_IRQHandler
                0x01002bc8                IVOR3_Exception_Handler
                0x01002bc8                LINFLEXD12_UART_ErrIRQHandler
                0x01002bc8                EMIOS1_12_13_IRQHandler
                0x01002bc8                STM1_Ch1_IRQHandler
                0x01002bc8                CAN4_Error_IRQHandler
                0x01002bc8                DMA0_Ch11_IRQHandler
                0x01002bc8                LINFLEXD7_UART_TxIRQHandler
                0x01002bc8                IVOR1_Exception_Handler
                0x01002bc8                CAN4_ORed_32_63_MB_IRQHandler
                0x01002bc8                LINFLEXD2_UART_RxIRQHandler
                0x01002bc8                I2C_DRV_Module1IRQHandler
                0x01002bc8                ENET0_Tx_IRQHandler
                0x01002bc8                DSPI8_Receive_IRQHandler
                0x01002bc8                STM1_Ch0_IRQHandler
                0x01002bc8                CMP2_IRQHandler
                0x01002bc8                EMIOS2_20_21_IRQHandler
                0x01002bc8                CAN6_ORed_64_95_MB_IRQHandler
                0x01002bc8                STM0_Ch0_IRQHandler
                0x01002bc8                CAN2_ORed_00_03_MB_IRQHandler
                0x01002bc8                LINFLEXD2_UART_ErrIRQHandler
                0x01002bc8                CAN0_ORed_32_63_MB_IRQHandler
                0x01002bc8                EMIOS2_04_05_IRQHandler
                0x01002bc8                HSM_DRV_IRQHandler
                0x01002bc8                IVOR0_Exception_Handler
                0x01002bc8                IVOR35_Exception_Handler
                0x01002bc8                LINFLEXD3_UART_TxIRQHandler
                0x01002bc8                LINFLEXD3_UART_RxIRQHandler
                0x01002bc8                PIT_RTI_IRQHandler
                0x01002bc8                IVOR8_Exception_Handler
                0x01002bc8                DSPI5_Receive_IRQHandler
                0x01002bc8                DMA0_Ch14_IRQHandler
                0x01002bc8                CAN1_Error_IRQHandler
                0x01002bc8                CAN7_ORed_16_31_MB_IRQHandler
                0x01002bc8                LINFLEXD12_UART_RxIRQHandler
                0x01002bc8                CAN4_ORed_00_03_MB_IRQHandler
                0x01002bc8                WKPU_31_24_IRQHandler
                0x01002bc8                DSPI9_Send_IRQHandler
                0x01002bc8                PIT_Ch13_IRQHandler
                0x01002bc8                LINFLEXD16_UART_TxIRQHandler
                0x01002bc8                EMIOS1_02_03_IRQHandler
                0x01002bc8                CAN0_ORed_IRQHandler
                0x01002bc8                LINFLEXD4_UART_ErrIRQHandler
                0x01002bc8                STM0_Ch2_IRQHandler
                0x01002bc8                CAN0_ORed_12_15_MB_IRQHandler
                0x01002bc8                CAN5_ORed_12_15_MB_IRQHandler
                0x01002bc8                STM0_Ch3_IRQHandler
                0x01002bc8                EMIOS0_18_19_IRQHandler
                0x01002bc8                CAN3_ORed_04_07_MB_IRQHandler
                0x01002bc8                WKPU_15_08_IRQHandler
                0x01002bc8                EMIOS0_00_01_IRQHandler
                0x01002bc8                CAN4_ORed_64_95_MB_IRQHandler
                0x01002bc8                LINFLEXD15_UART_TxIRQHandler
                0x01002bc8                LINFLEXD15_UART_ErrIRQHandler
                0x01002bc8                LINFLEXD6_UART_RxIRQHandler
                0x01002bc8                DSPI8_FIFO_Error_IRQHandler
                0x01002bc8                CAN7_ORed_32_63_MB_IRQHandler
                0x01002bc8                RTC0_IRQHandler
                0x01002bc8                LINFLEXD0_UART_RxIRQHandler
                0x01002bc8                DMA0_Ch25_IRQHandler
                0x01002bc8                LINFLEXD17_UART_ErrIRQHandler
                0x01002bc8                DSPI3_FIFO_Error_IRQHandler
                0x01002bc8                EMIOS2_18_19_IRQHandler
                0x01002bc8                LINFLEXD8_UART_RxIRQHandler
                0x01002bc8                I2C_DRV_Module0IRQHandler
                0x01002bc8                LINFLEXD7_UART_ErrIRQHandler
                0x01002bc8                EMIOS0_20_21_IRQHandler
                0x01002bc8                LINFLEXD17_UART_TxIRQHandler
                0x01002bc8                USBHS_IRQHandler
                0x01002bc8                I2C_DRV_Module3IRQHandler
                0x01002bc8                EMIOS1_24_25_IRQHandler
                0x01002bc8                CAN7_ORed_64_95_MB_IRQHandler
                0x01002bc8                DMA0_Ch1_IRQHandler
                0x01002bc8                DMA0_Ch29_IRQHandler
                0x01002bc8                EMIOS2_02_03_IRQHandler
                0x01002bc8                DSPI7_Send_IRQHandler
                0x01002bc8                DMA0_Ch15_IRQHandler
                0x01002bc8                STM1_Ch3_IRQHandler
                0x01002bc8                PIT_Ch6_IRQHandler
                0x01002bc8                IVOR6_Exception_Handler
                0x01002bc8                CAN0_ORed_00_03_MB_IRQHandler
                0x01002bc8                DMA0_Ch0_Ch31_Error_IRQHandler
                0x01002bc8                LINFLEXD9_UART_RxIRQHandler
                0x01002bc8                EMIOS2_10_11_IRQHandler
                0x01002bc8                PIT_Ch9_IRQHandler
                0x01002bc8                SIUL_EIRQ_08_15_IRQHandler
                0x01002bc8                ENET1_Rx_1_IRQHandler
                0x01002bc8                CAN5_ORed_32_63_MB_IRQHandler
                0x01002bc8                CAN2_ORed_IRQHandler
                0x01002bc8                FLASH_Done_IRQHandler
                0x01002bc8                LINFLEXD16_UART_RxIRQHandler
                0x01002bc8                CAN6_ORed_00_03_MB_IRQHandler
                0x01002bc8                EMIOS2_12_13_IRQHandler
                0x01002bc8                LINFLEXD5_UART_TxIRQHandler
                0x01002bc8                DMA0_Ch21_IRQHandler
                0x01002bc8                CAN7_Error_IRQHandler
                0x01002bc8                DSPI4_Receive_IRQHandler
                0x01002bc8                EMIOS0_26_27_IRQHandler
                0x01002bc8                CAN3_ORed_64_95_MB_IRQHandler
                0x01002bc8                DMA0_Ch8_IRQHandler
                0x01002bc8                PIT_Ch3_IRQHandler
                0x01002bc8                EMIOS1_08_09_IRQHandler
                0x01002bc8                DSPI8_Send_IRQHandler
                0x01002bc8                API0_IRQHandler
                0x01002bc8                EMIOS2_06_07_IRQHandler
                0x01002bc8                ENET1_Parser_IRQHandler
                0x01002bc8                EMIOS0_04_05_IRQHandler
                0x01002bc8                STM1_Ch2_IRQHandler
                0x01002bc8                CAN2_ORed_64_95_MB_IRQHandler
                0x01002bc8                CAN1_ORed_08_11_MB_IRQHandler
                0x01002bc8                CAN6_ORed_IRQHandler
                0x01002bc8                LINFLEXD6_UART_TxIRQHandler
                0x01002bc8                LINFLEXD1_UART_TxIRQHandler
                0x01002bc8                ENET1_Err_IRQHandler
                0x01002bc8                DMA0_Ch26_IRQHandler
                0x01002bc8                DMA0_Ch19_IRQHandler
                0x01002bc8                CAN0_ORed_08_11_MB_IRQHandler
                0x01002bc8                CAN6_Error_IRQHandler
                0x01002bc8                EMIOS1_16_17_IRQHandler
                0x01002bc8                SWT1_IRQHandler
                0x01002bc8                EMIOS2_24_25_IRQHandler
                0x01002bc8                CAN2_ORed_08_11_MB_IRQHandler
                0x01002bc8                LINFLEXD4_UART_RxIRQHandler
                0x01002bc8                DSPI6_FIFO_Error_IRQHandler
                0x01002bc8                CAN3_ORed_12_15_MB_IRQHandler
                0x01002bc8                EMIOS2_08_09_IRQHandler
                0x01002bc8                CAN0_ORed_64_95_MB_IRQHandler
                0x01002bc8                CMP1_IRQHandler
                0x01002bc8                CAN1_ORed_04_07_MB_IRQHandler
                0x01002bc8                EMIOS2_22_23_IRQHandler
                0x01002bc8                SAI1_Rx_IRQHandler
                0x01002bc8                EMIOS2_30_31_IRQHandler
                0x01002bc8                EMIOS1_20_21_IRQHandler
                0x01002bc8                CAN0_ORed_16_31_MB_IRQHandler
                0x01002bc8                EMIOS0_28_29_IRQHandler
                0x01002bc8                DMA0_Ch12_IRQHandler
                0x01002bc8                uSDHC_DriverIRQHandler
                0x01002bc8                PIT_Ch8_IRQHandler
                0x01002bc8                CAN4_ORed_08_11_MB_IRQHandler
                0x01002bc8                EMIOS0_02_03_IRQHandler
                0x01002bc8                CAN6_ORed_32_63_MB_IRQHandler
                0x01002bc8                EMIOS0_06_07_IRQHandler
                0x01002bc8                DefaultISR
                0x01002bc8                CAN1_ORed_32_63_MB_IRQHandler
                0x01002bc8                DMA0_Ch18_IRQHandler
                0x01002bc8                EMIOS2_16_17_IRQHandler
                0x01002bc8                ENET1_Tx_2_IRQHandler
                0x01002bc8                EMIOS2_14_15_IRQHandler
                0x01002bc8                EMIOS1_18_19_IRQHandler
                0x01002bc8                EMIOS1_22_23_IRQHandler
                0x01002bc8                CAN6_ORed_16_31_MB_IRQHandler
                0x01002bc8                DSPI1_Receive_IRQHandler
                0x01002bc8                DMA0_Ch22_IRQHandler
                0x01002bc8                EMIOS0_08_09_IRQHandler
                0x01002bc8                CAN6_ORed_12_15_MB_IRQHandler
                0x01002bc8                ENET0_Timer_IRQHandler
                0x01002bc8                ADC1_EOC_IRQHandler
                0x01002bc8                LINFLEXD1_UART_RxIRQHandler
                0x01002bc8                CAN5_ORed_16_31_MB_IRQHandler
                0x01002bc8                BCTU_ConvUpdate_IRQHandler
                0x01002bc8                WKPU_07_00_IRQHandler
                0x01002bc8                FCCU0_IRQ_Handler
                0x01002bc8                STM0_Ch1_IRQHandler
                0x01002bc8                LINFLEXD8_UART_ErrIRQHandler
                0x01002bc8                DSPI5_Send_IRQHandler
                0x01002bc8                CAN3_ORed_IRQHandler
                0x01002bcc                __interrupts_end__ = .
                0x00000c00                __RAM_VECTOR_TABLE_SIZE = 0xc00
                0x01002c00                __VECTOR_TABLE_COPY_END = (__VECTOR_TABLE + __RAM_VECTOR_TABLE_SIZE)

.text           0x01002bd0      0x6d0
 *(.text.startup)
 *(.text)
 .text          0x01002bd0      0x16c c:/nxp/s32ds_power_v2.1/s32ds/build_tools/powerpc-eabivle-4_9/bin/../lib/gcc/powerpc-eabivle/4.9.4/e200z4/fp/crtbegin.o
 *fill*         0x01002d3c        0x4 
 .text          0x01002d40      0x2f6 ./Project_Settings/Startup_Code/core0_intc_sw_handlers.o
                0x01002d80                IVOR0_Handler
                0x01002dae                IVOR1_Handler
                0x01002dfc                IVOR2_Handler
                0x01002e36                IVOR3_Handler
                0x01002e70                IVOR4_Handler
                0x01002eb8                IVOR5_Handler
                0x01002ef2                IVOR6_Handler
                0x01002f2c                IVOR8_Handler
                0x01002f66                IVOR15_Handler
                0x01002f94                IVOR33_Handler
                0x01002fce                IVOR34_Handler
                0x01003008                IVOR35_Handler
 .text          0x01003036       0x4a c:/nxp/s32ds_power_v2.1/s32ds/build_tools/powerpc-eabivle-4_9/bin/../lib/gcc/powerpc-eabivle/4.9.4/e200z4/fp\libgcc.a(eabivle.o)
                0x01003036                __eabi
 .text          0x01003080       0x48 c:/nxp/s32ds_power_v2.1/s32ds/build_tools/powerpc-eabivle-4_9/bin/../lib/gcc/powerpc-eabivle/4.9.4/e200z4/fp/crtend.o
 *(.text.*)
 .text.SystemInit
                0x010030c8       0xb6 ./SDK/platform/devices/MPC5748G/startup/system_MPC5748G.o
                0x010030c8                SystemInit
 *fill*         0x0100317e        0x2 
 .text.init_data_bss
                0x01003180       0xb8 ./SDK/platform/devices/startup.o
                0x01003180                init_data_bss
 .text.main     0x01003238       0x22 ./Sources/main.o
                0x01003238                main
 *(.init)
 *fill*         0x0100325a        0x2 
 .init          0x0100325c        0xc c:/nxp/s32ds_power_v2.1/s32ds/build_tools/powerpc-eabivle-4_9/bin/../lib/gcc/powerpc-eabivle/4.9.4/e200z4/fp/ecrti.o
                0x0100325c                __init
 .init          0x01003268        0x4 c:/nxp/s32ds_power_v2.1/s32ds/build_tools/powerpc-eabivle-4_9/bin/../lib/gcc/powerpc-eabivle/4.9.4/e200z4/fp/crtbegin.o
 .init          0x0100326c        0x4 c:/nxp/s32ds_power_v2.1/s32ds/build_tools/powerpc-eabivle-4_9/bin/../lib/gcc/powerpc-eabivle/4.9.4/e200z4/fp/crtend.o
 .init          0x01003270        0xa c:/nxp/s32ds_power_v2.1/s32ds/build_tools/powerpc-eabivle-4_9/bin/../lib/gcc/powerpc-eabivle/4.9.4/e200z4/fp/ecrtn.o
 *(.fini)
 *fill*         0x0100327a        0x2 
 .fini          0x0100327c        0xc c:/nxp/s32ds_power_v2.1/s32ds/build_tools/powerpc-eabivle-4_9/bin/../lib/gcc/powerpc-eabivle/4.9.4/e200z4/fp/ecrti.o
                0x0100327c                __fini
 .fini          0x01003288        0x4 c:/nxp/s32ds_power_v2.1/s32ds/build_tools/powerpc-eabivle-4_9/bin/../lib/gcc/powerpc-eabivle/4.9.4/e200z4/fp/crtbegin.o
 .fini          0x0100328c        0xa c:/nxp/s32ds_power_v2.1/s32ds/build_tools/powerpc-eabivle-4_9/bin/../lib/gcc/powerpc-eabivle/4.9.4/e200z4/fp/ecrtn.o
                0x010032a0                . = ALIGN (0x10)
 *fill*         0x01003296        0xa 

.glink          0x010032a0        0x0
 .glink         0x010032a0        0x0 c:/nxp/s32ds_power_v2.1/s32ds/build_tools/powerpc-eabivle-4_9/bin/../lib/gcc/powerpc-eabivle/4.9.4/e200z4/fp/crtbegin.o

.sdata2         0x010032a0        0x0
                0x010032a0                . = ALIGN (0x4)
                0x010032a0                __sdata2_start__ = .
 *(.sdata2)
 .sdata2        0x010032a0        0x0 c:/nxp/s32ds_power_v2.1/s32ds/build_tools/powerpc-eabivle-4_9/bin/../lib/gcc/powerpc-eabivle/4.9.4/e200z4/fp/ecrti.o
                0x010032a0                __SDATA2_START__
 .sdata2        0x010032a0        0x0 c:/nxp/s32ds_power_v2.1/s32ds/build_tools/powerpc-eabivle-4_9/bin/../lib/gcc/powerpc-eabivle/4.9.4/e200z4/fp/crtbegin.o
                0x0100b2a0                _SDA2_BASE_
 *(.sdata2.*)
                0x010032a0                . = ALIGN (0x4)
                0x010032a0                __sdata2_end__ = .

.got2           0x010032a0       0x1c
 *(.got2*)
 .got2          0x010032a0       0x1c c:/nxp/s32ds_power_v2.1/s32ds/build_tools/powerpc-eabivle-4_9/bin/../lib/gcc/powerpc-eabivle/4.9.4/e200z4/fp\libgcc.a(eabivle.o)

.preinit_array  0x010032bc        0x0
                [!provide]                PROVIDE (__preinit_array_start, .)
 *(.preinit_array)
                [!provide]                PROVIDE (__preinit_array_end, .)

.init_array     0x010032bc        0x0
                [!provide]                PROVIDE (__init_array_start, .)
 *(SORT(.init_array.*))
 *(.init_array)
                [!provide]                PROVIDE (__init_array_end, .)

.dtors          0x010032bc        0x8
 *crtbegin.o(.dtors)
 .dtors         0x010032bc        0x4 c:/nxp/s32ds_power_v2.1/s32ds/build_tools/powerpc-eabivle-4_9/bin/../lib/gcc/powerpc-eabivle/4.9.4/e200z4/fp/crtbegin.o
 *crtbegin?.o(.dtors)
 *(EXCLUDE_FILE(*crtend?.o *crtend.o) .dtors)
 .dtors         0x010032c0        0x0 c:/nxp/s32ds_power_v2.1/s32ds/build_tools/powerpc-eabivle-4_9/bin/../lib/gcc/powerpc-eabivle/4.9.4/e200z4/fp/ecrti.o
                0x010032c0                __DTOR_LIST__
 .dtors         0x010032c0        0x0 c:/nxp/s32ds_power_v2.1/s32ds/build_tools/powerpc-eabivle-4_9/bin/../lib/gcc/powerpc-eabivle/4.9.4/e200z4/fp/ecrtn.o
 *(SORT(.dtors.*))
 *(.dtors)
 .dtors         0x010032c0        0x4 c:/nxp/s32ds_power_v2.1/s32ds/build_tools/powerpc-eabivle-4_9/bin/../lib/gcc/powerpc-eabivle/4.9.4/e200z4/fp/crtend.o
                0x010032c0                __DTOR_END__

.ctors          0x010032c4        0x8
 *crtbegin.o(.ctors)
 .ctors         0x010032c4        0x4 c:/nxp/s32ds_power_v2.1/s32ds/build_tools/powerpc-eabivle-4_9/bin/../lib/gcc/powerpc-eabivle/4.9.4/e200z4/fp/crtbegin.o
 *crtbegin?.o(.ctors)
 *(EXCLUDE_FILE(*crtend?.o *crtend.o) .ctors)
 .ctors         0x010032c8        0x0 c:/nxp/s32ds_power_v2.1/s32ds/build_tools/powerpc-eabivle-4_9/bin/../lib/gcc/powerpc-eabivle/4.9.4/e200z4/fp/ecrti.o
                0x010032c8                __CTOR_LIST__
 .ctors         0x010032c8        0x0 c:/nxp/s32ds_power_v2.1/s32ds/build_tools/powerpc-eabivle-4_9/bin/../lib/gcc/powerpc-eabivle/4.9.4/e200z4/fp/ecrtn.o
                0x010032c8                __CTOR_END__
 *(SORT(.ctors.*))
 *(.ctors)
 .ctors         0x010032c8        0x4 c:/nxp/s32ds_power_v2.1/s32ds/build_tools/powerpc-eabivle-4_9/bin/../lib/gcc/powerpc-eabivle/4.9.4/e200z4/fp/crtend.o

.fini_array     0x010032cc        0x0
                [!provide]                PROVIDE (__fini_array_start, .)
 *(SORT(.fini_array.*))
 *(.fini_array)
                [!provide]                PROVIDE (__fini_array_end, .)

.rodata         0x010032cc        0xc
 *(.rodata)
 *(.rodata.*)
 .rodata.s_vectors
                0x010032cc        0xc ./SDK/platform/devices/startup.o

.sbss2          0x010032d8        0x0
 .sbss2         0x010032d8        0x0 c:/nxp/s32ds_power_v2.1/s32ds/build_tools/powerpc-eabivle-4_9/bin/../lib/gcc/powerpc-eabivle/4.9.4/e200z4/fp/ecrtn.o

.eh_frame_hdr
 *(.eh_frame_hdr)

.eh_frame       0x010032d8        0x8
 *(.eh_frame)
 .eh_frame      0x010032d8        0x0 c:/nxp/s32ds_power_v2.1/s32ds/build_tools/powerpc-eabivle-4_9/bin/../lib/gcc/powerpc-eabivle/4.9.4/e200z4/fp/ecrti.o
                0x010032d8                __EH_FRAME_BEGIN__
 .eh_frame      0x010032d8        0x0 c:/nxp/s32ds_power_v2.1/s32ds/build_tools/powerpc-eabivle-4_9/bin/../lib/gcc/powerpc-eabivle/4.9.4/e200z4/fp/crtbegin.o
 .eh_frame      0x010032d8        0x0 c:/nxp/s32ds_power_v2.1/s32ds/build_tools/powerpc-eabivle-4_9/bin/../lib/gcc/powerpc-eabivle/4.9.4/e200z4/fp/crtbegin.o
 .eh_frame      0x010032d8        0x4 c:/nxp/s32ds_power_v2.1/s32ds/build_tools/powerpc-eabivle-4_9/bin/../lib/gcc/powerpc-eabivle/4.9.4/e200z4/fp/crtend.o
 .eh_frame      0x010032dc        0x4 c:/nxp/s32ds_power_v2.1/s32ds/build_tools/powerpc-eabivle-4_9/bin/../lib/gcc/powerpc-eabivle/4.9.4/e200z4/fp/ecrtn.o
                0x010032dc                __EH_FRAME_END__

.init_table     0x010032e0       0x40
                0x010032e0                . = ALIGN (0x4)
                0x010032e0                __COPY_TABLE = .
 *(.init_table)
 .init_table    0x010032e0       0x40 ./Project_Settings/Startup_Code/startup_MPC5748G.o

.zero_table     0x01003320       0x14
                0x01003320                . = ALIGN (0x4)
                0x01003320                __ZERO_TABLE = .
 *(.zero_table)
 .zero_table    0x01003320       0x14 ./Project_Settings/Startup_Code/startup_MPC5748G.o
                0x01003334                __TEXT_END = .

.rela.dyn       0x01003334        0x0
 .rela.iplt     0x01003334        0x0 c:/nxp/s32ds_power_v2.1/s32ds/build_tools/powerpc-eabivle-4_9/bin/../lib/gcc/powerpc-eabivle/4.9.4/e200z4/fp/crtbegin.o
 .rela.text     0x01003334        0x0 c:/nxp/s32ds_power_v2.1/s32ds/build_tools/powerpc-eabivle-4_9/bin/../lib/gcc/powerpc-eabivle/4.9.4/e200z4/fp/crtbegin.o
 .rela.init_table
                0x01003334        0x0 c:/nxp/s32ds_power_v2.1/s32ds/build_tools/powerpc-eabivle-4_9/bin/../lib/gcc/powerpc-eabivle/4.9.4/e200z4/fp/crtbegin.o
 .rela.zero_table
                0x01003334        0x0 c:/nxp/s32ds_power_v2.1/s32ds/build_tools/powerpc-eabivle-4_9/bin/../lib/gcc/powerpc-eabivle/4.9.4/e200z4/fp/crtbegin.o
 .rela.cpu0_reset_vector
                0x01003334        0x0 c:/nxp/s32ds_power_v2.1/s32ds/build_tools/powerpc-eabivle-4_9/bin/../lib/gcc/powerpc-eabivle/4.9.4/e200z4/fp/crtbegin.o
 .rela.intc_vector_table
                0x01003334        0x0 c:/nxp/s32ds_power_v2.1/s32ds/build_tools/powerpc-eabivle-4_9/bin/../lib/gcc/powerpc-eabivle/4.9.4/e200z4/fp/crtbegin.o
 .rela.text.init_data_bss
                0x01003334        0x0 c:/nxp/s32ds_power_v2.1/s32ds/build_tools/powerpc-eabivle-4_9/bin/../lib/gcc/powerpc-eabivle/4.9.4/e200z4/fp/crtbegin.o
 .rela.text.INT_SYS_InstallHandler
                0x01003334        0x0 c:/nxp/s32ds_power_v2.1/s32ds/build_tools/powerpc-eabivle-4_9/bin/../lib/gcc/powerpc-eabivle/4.9.4/e200z4/fp/crtbegin.o
 .rela.got2     0x01003334        0x0 c:/nxp/s32ds_power_v2.1/s32ds/build_tools/powerpc-eabivle-4_9/bin/../lib/gcc/powerpc-eabivle/4.9.4/e200z4/fp/crtbegin.o

.interrupts_ram
                0x40000000      0xc00
                0x40000000                __VECTOR_RAM = .
 *(.m_interrupts_ram)
                0x40000c00                . = (. + __RAM_VECTOR_TABLE_SIZE)
 *fill*         0x40000000      0xc00 
                0x01003334                __CUSTOM_ROM = __TEXT_END

.customSectionBlock
                0x40000c00        0x0 load address 0x01003334
                0x40000c00                . = ALIGN (0x4)
                0x40000c00                __CUSTOM_RAM = .
                0x40000c00                __customSectionStart = .
                0x40000c00                __customSection_start__ = .
 *(.customSection)
                0x40000c00                . = ALIGN (0x4)
                0x40000c00                __customSection_end__ = .
                0x40000c00                __customSectionEnd = .
                0x01003334                __CUSTOM_END = (__CUSTOM_ROM + (__customSection_end__ - __customSection_start__))
                0x01003334                __DATA_ROM = __CUSTOM_END

.data           0x40000c00        0x4 load address 0x01003334
                0x40000c00                . = ALIGN (0x4)
                0x40000c00                __DATA_RAM = .
                0x40000c00                __data_start__ = .
 *(.data)
 .data          0x40000c00        0x4 c:/nxp/s32ds_power_v2.1/s32ds/build_tools/powerpc-eabivle-4_9/bin/../lib/gcc/powerpc-eabivle/4.9.4/e200z4/fp\libgcc.a(eabivle.o)
 *(.data.*)
                0x40000c04                . = ALIGN (0x4)
                0x40000c04                __data_end__ = .
                0x01003338                __DATA_END = (__DATA_ROM + (__data_end__ - __data_start__))
                0x01003338                __SDATA_ROM = __DATA_END

.jcr            0x40000c04        0x0 load address 0x01003338
 .jcr           0x40000c04        0x0 c:/nxp/s32ds_power_v2.1/s32ds/build_tools/powerpc-eabivle-4_9/bin/../lib/gcc/powerpc-eabivle/4.9.4/e200z4/fp/crtbegin.o

.tm_clone_table
                0x40000c04        0x0 load address 0x01003338
 .tm_clone_table
                0x40000c04        0x0 c:/nxp/s32ds_power_v2.1/s32ds/build_tools/powerpc-eabivle-4_9/bin/../lib/gcc/powerpc-eabivle/4.9.4/e200z4/fp/crtbegin.o
 .tm_clone_table
                0x40000c04        0x0 c:/nxp/s32ds_power_v2.1/s32ds/build_tools/powerpc-eabivle-4_9/bin/../lib/gcc/powerpc-eabivle/4.9.4/e200z4/fp/crtend.o

.sdata          0x40000c04        0x0 load address 0x01003338
                0x40000c04                . = ALIGN (0x4)
                0x40000c04                __SDATA_RAM = .
                0x40000c04                __sdata_start__ = .
 *(.sdata)
 .sdata         0x40000c04        0x0 c:/nxp/s32ds_power_v2.1/s32ds/build_tools/powerpc-eabivle-4_9/bin/../lib/gcc/powerpc-eabivle/4.9.4/e200z4/fp/ecrti.o
                0x40000c04                __SDATA_START__
 .sdata         0x40000c04        0x0 c:/nxp/s32ds_power_v2.1/s32ds/build_tools/powerpc-eabivle-4_9/bin/../lib/gcc/powerpc-eabivle/4.9.4/e200z4/fp/crtbegin.o
                0x40008c04                _SDA_BASE_
 *(.sdata.*)
                0x40000c04                . = ALIGN (0x4)
                0x40000c04                __sdata_end__ = .
                0x01003338                __SDATA_END = (__SDATA_ROM + (__sdata_end__ - __sdata_start__))

.sbss           0x40000c04        0x4 load address 0x01003338
                0x40000c04                . = ALIGN (0x4)
                0x40000c04                __SBSS_START = .
                0x40000c04                __sbss_start__ = .
 *(.sbss)
 .sbss          0x40000c04        0x0 c:/nxp/s32ds_power_v2.1/s32ds/build_tools/powerpc-eabivle-4_9/bin/../lib/gcc/powerpc-eabivle/4.9.4/e200z4/fp/ecrtn.o
                0x40000c04                __SBSS_END__
 *(.sbss.*)
 .sbss.exit_code
                0x40000c04        0x4 ./Sources/main.o
                0x40000c04                exit_code
                0x40000c08                . = ALIGN (0x4)
                0x40000c08                __sbss_end__ = .
                0x40000c08                __SBSS_END = .

.bss            0x40000c08       0x20 load address 0x0100333c
                0x40000c08                . = ALIGN (0x4)
                0x40000c08                __BSS_START = .
                0x40000c08                __bss_start__ = .
 *(.bss)
 .bss           0x40000c08       0x20 c:/nxp/s32ds_power_v2.1/s32ds/build_tools/powerpc-eabivle-4_9/bin/../lib/gcc/powerpc-eabivle/4.9.4/e200z4/fp/crtbegin.o
 *(.bss.*)
 *(COMMON)
                0x40000c28                . = ALIGN (0x4)
                0x40000c28                __bss_end__ = .
                0x40000c28                __BSS_END = .
                0x01003338                __CODE_ROM = __SDATA_END

.iplt           0x40000c30        0x0 load address 0x01003360
 .iplt          0x40000c30        0x0 c:/nxp/s32ds_power_v2.1/s32ds/build_tools/powerpc-eabivle-4_9/bin/../lib/gcc/powerpc-eabivle/4.9.4/e200z4/fp/crtbegin.o

.code           0x40000c28        0x0 load address 0x01003338
                0x40000c28                . = ALIGN (0x4)
                0x40000c28                __CODE_RAM = .
                0x40000c28                __code_start__ = .
                0x40000c28                __code_ram_start__ = .
 *(.code_ram)
                0x40000c28                . = ALIGN (0x4)
                0x40000c28                __code_ram_end__ = .
                0x40000c28                __code_end__ = .
                0x01003338                __CODE_END = (__CODE_ROM + (__code_end__ - __code_start__))

.stack          0x40000c30     0x1000 load address 0x01003370
                0x40000c30                __HEAP = .
                [!provide]                PROVIDE (_end, .)
                [!provide]                PROVIDE (end, .)
                0x40000c30                . = (. + __HEAP_SIZE)
                0x40000c30                __HEAP_END = .
                0x40000c30                _stack_end = .
                0x40001c30                . = (. + __STACK_SIZE)
 *fill*         0x40000c30     0x1000 
                0x40001c30                . = ALIGN (0x4)
                0x40001c30                _stack_addr = .
                0x40001c30                __SP_INIT = .
                0x00040000                __SRAM_SIZE = SRAM_SIZE
                0x40000000                __SRAM_BASE_ADDR = SRAM_BASE_ADDR
                0x00000020                __BSS_SIZE = (__BSS_END - __BSS_START)
OUTPUT(FlowControlWorkShop_Z4_0.elf elf32-powerpc)

.comment        0x00000000       0x9c
 .comment       0x00000000        0xd c:/nxp/s32ds_power_v2.1/s32ds/build_tools/powerpc-eabivle-4_9/bin/../lib/gcc/powerpc-eabivle/4.9.4/e200z4/fp/ecrti.o
                                  0xe (size before relaxing)
 .comment       0x0000000d       0x82 c:/nxp/s32ds_power_v2.1/s32ds/build_tools/powerpc-eabivle-4_9/bin/../lib/gcc/powerpc-eabivle/4.9.4/e200z4/fp/crtbegin.o
                                 0x83 (size before relaxing)
 .comment       0x0000008f       0x83 ./FreeMaster_MPC57xxx/src_common/freemaster_appcmd.o
 .comment       0x0000008f       0x83 ./FreeMaster_MPC57xxx/src_common/freemaster_lin.o
 .comment       0x0000008f       0x83 ./FreeMaster_MPC57xxx/src_common/freemaster_pipes.o
 .comment       0x0000008f       0x83 ./FreeMaster_MPC57xxx/src_common/freemaster_protocol.o
 .comment       0x0000008f       0x83 ./FreeMaster_MPC57xxx/src_common/freemaster_rec.o
 .comment       0x0000008f       0x83 ./FreeMaster_MPC57xxx/src_common/freemaster_scope.o
 .comment       0x0000008f       0x83 ./FreeMaster_MPC57xxx/src_common/freemaster_serial.o
 .comment       0x0000008f       0x83 ./FreeMaster_MPC57xxx/src_common/freemaster_tsa.o
 .comment       0x0000008f       0x83 ./FreeMaster_MPC57xxx/src_platforms/MPC57xx/freemaster_MPC57xx.o
 .comment       0x0000008f       0x83 ./SDK/platform/devices/MPC5748G/startup/system_MPC5748G.o
 .comment       0x0000008f       0x83 ./SDK/platform/devices/startup.o
 .comment       0x0000008f       0x83 ./SDK/platform/drivers/src/clock/MPC57xx/clock_MPC57xx.o
 .comment       0x0000008f       0x83 ./SDK/platform/drivers/src/interrupt/interrupt_manager_MPC57xx.o
 .comment       0x0000008f       0x83 ./SDK/platform/drivers/src/pins/siul2/pins_siul2_driver.o
 .comment       0x0000008f       0x83 ./SDK/platform/drivers/src/pins/siul2/siul2_hw_access.o
 .comment       0x0000008f       0x83 ./Sources/main.o
 .comment       0x0000008f       0x83 c:/nxp/s32ds_power_v2.1/s32ds/build_tools/powerpc-eabivle-4_9/bin/../lib/gcc/powerpc-eabivle/4.9.4/e200z4/fp/crtend.o
 .comment       0x0000008f        0xd c:/nxp/s32ds_power_v2.1/s32ds/build_tools/powerpc-eabivle-4_9/bin/../lib/gcc/powerpc-eabivle/4.9.4/e200z4/fp/ecrtn.o
                                  0xe (size before relaxing)

.PPC.EMB.apuinfo
                0x00000000       0x1c
 .PPC.EMB.apuinfo
                0x00000000       0x18 c:/nxp/s32ds_power_v2.1/s32ds/build_tools/powerpc-eabivle-4_9/bin/../lib/gcc/powerpc-eabivle/4.9.4/e200z4/fp/ecrti.o
 .PPC.EMB.apuinfo
                0x00000018       0x18 c:/nxp/s32ds_power_v2.1/s32ds/build_tools/powerpc-eabivle-4_9/bin/../lib/gcc/powerpc-eabivle/4.9.4/e200z4/fp/crtbegin.o
 .PPC.EMB.apuinfo
                0x00000030       0x18 ./FreeMaster_MPC57xxx/src_common/freemaster_appcmd.o
 .PPC.EMB.apuinfo
                0x00000048       0x18 ./FreeMaster_MPC57xxx/src_common/freemaster_lin.o
 .PPC.EMB.apuinfo
                0x00000060       0x18 ./FreeMaster_MPC57xxx/src_common/freemaster_pipes.o
 .PPC.EMB.apuinfo
                0x00000078       0x18 ./FreeMaster_MPC57xxx/src_common/freemaster_protocol.o
 .PPC.EMB.apuinfo
                0x00000090       0x18 ./FreeMaster_MPC57xxx/src_common/freemaster_rec.o
 .PPC.EMB.apuinfo
                0x000000a8       0x18 ./FreeMaster_MPC57xxx/src_common/freemaster_scope.o
 .PPC.EMB.apuinfo
                0x000000c0       0x18 ./FreeMaster_MPC57xxx/src_common/freemaster_serial.o
 .PPC.EMB.apuinfo
                0x000000d8       0x18 ./FreeMaster_MPC57xxx/src_common/freemaster_tsa.o
 .PPC.EMB.apuinfo
                0x000000f0       0x18 ./FreeMaster_MPC57xxx/src_platforms/MPC57xx/freemaster_MPC57xx.o
 .PPC.EMB.apuinfo
                0x00000108       0x1c ./Project_Settings/Startup_Code/core0_intc_sw_handlers.o
 .PPC.EMB.apuinfo
                0x00000124       0x18 ./Project_Settings/Startup_Code/interrupt_vectors.o
 .PPC.EMB.apuinfo
                0x0000013c       0x18 ./Project_Settings/Startup_Code/startup_MPC5748G.o
 .PPC.EMB.apuinfo
                0x00000154       0x18 ./SDK/platform/devices/MPC5748G/startup/system_MPC5748G.o
 .PPC.EMB.apuinfo
                0x0000016c       0x18 ./SDK/platform/devices/startup.o
 .PPC.EMB.apuinfo
                0x00000184       0x18 ./SDK/platform/drivers/src/clock/MPC57xx/clock_MPC57xx.o
 .PPC.EMB.apuinfo
                0x0000019c       0x18 ./SDK/platform/drivers/src/interrupt/interrupt_manager_MPC57xx.o
 .PPC.EMB.apuinfo
                0x000001b4       0x18 ./SDK/platform/drivers/src/pins/siul2/pins_siul2_driver.o
 .PPC.EMB.apuinfo
                0x000001cc       0x18 ./SDK/platform/drivers/src/pins/siul2/siul2_hw_access.o
 .PPC.EMB.apuinfo
                0x000001e4       0x18 ./Sources/main.o
 .PPC.EMB.apuinfo
                0x000001fc       0x18 c:/nxp/s32ds_power_v2.1/s32ds/build_tools/powerpc-eabivle-4_9/bin/../lib/gcc/powerpc-eabivle/4.9.4/e200z4/fp\libgcc.a(eabivle.o)
 .PPC.EMB.apuinfo
                0x00000214       0x18 c:/nxp/s32ds_power_v2.1/s32ds/build_tools/powerpc-eabivle-4_9/bin/../lib/gcc/powerpc-eabivle/4.9.4/e200z4/fp/crtend.o
 .PPC.EMB.apuinfo
                0x0000022c       0x18 c:/nxp/s32ds_power_v2.1/s32ds/build_tools/powerpc-eabivle-4_9/bin/../lib/gcc/powerpc-eabivle/4.9.4/e200z4/fp/ecrtn.o

.debug_info     0x00000000     0xfe71
 .debug_info    0x00000000      0x54c ./FreeMaster_MPC57xxx/src_common/freemaster_appcmd.o
 .debug_info    0x0000054c       0xec ./FreeMaster_MPC57xxx/src_common/freemaster_lin.o
 .debug_info    0x00000638     0x1bba ./FreeMaster_MPC57xxx/src_common/freemaster_pipes.o
 .debug_info    0x000021f2      0x782 ./FreeMaster_MPC57xxx/src_common/freemaster_protocol.o
 .debug_info    0x00002974      0x6f4 ./FreeMaster_MPC57xxx/src_common/freemaster_rec.o
 .debug_info    0x00003068      0x1b9 ./FreeMaster_MPC57xxx/src_common/freemaster_scope.o
 .debug_info    0x00003221      0x574 ./FreeMaster_MPC57xxx/src_common/freemaster_serial.o
 .debug_info    0x00003795      0x138 ./FreeMaster_MPC57xxx/src_common/freemaster_tsa.o
 .debug_info    0x000038cd      0x274 ./FreeMaster_MPC57xxx/src_platforms/MPC57xx/freemaster_MPC57xx.o
 .debug_info    0x00003b41       0xb5 ./Project_Settings/Startup_Code/core0_intc_sw_handlers.o
 .debug_info    0x00003bf6       0xb0 ./Project_Settings/Startup_Code/interrupt_vectors.o
 .debug_info    0x00003ca6       0xab ./Project_Settings/Startup_Code/startup_MPC5748G.o
 .debug_info    0x00003d51     0x16b3 ./SDK/platform/devices/MPC5748G/startup/system_MPC5748G.o
 .debug_info    0x00005404      0x397 ./SDK/platform/devices/startup.o
 .debug_info    0x0000579b     0x6686 ./SDK/platform/drivers/src/clock/MPC57xx/clock_MPC57xx.o
 .debug_info    0x0000be21     0x159a ./SDK/platform/drivers/src/interrupt/interrupt_manager_MPC57xx.o
 .debug_info    0x0000d3bb     0x148b ./SDK/platform/drivers/src/pins/siul2/pins_siul2_driver.o
 .debug_info    0x0000e846      0x8b2 ./SDK/platform/drivers/src/pins/siul2/siul2_hw_access.o
 .debug_info    0x0000f0f8      0xd79 ./Sources/main.o

.debug_abbrev   0x00000000     0x1c1c
 .debug_abbrev  0x00000000      0x1b0 ./FreeMaster_MPC57xxx/src_common/freemaster_appcmd.o
 .debug_abbrev  0x000001b0       0x8a ./FreeMaster_MPC57xxx/src_common/freemaster_lin.o
 .debug_abbrev  0x0000023a      0x36c ./FreeMaster_MPC57xxx/src_common/freemaster_pipes.o
 .debug_abbrev  0x000005a6      0x160 ./FreeMaster_MPC57xxx/src_common/freemaster_protocol.o
 .debug_abbrev  0x00000706      0x2b2 ./FreeMaster_MPC57xxx/src_common/freemaster_rec.o
 .debug_abbrev  0x000009b8       0xdd ./FreeMaster_MPC57xxx/src_common/freemaster_scope.o
 .debug_abbrev  0x00000a95      0x247 ./FreeMaster_MPC57xxx/src_common/freemaster_serial.o
 .debug_abbrev  0x00000cdc       0x96 ./FreeMaster_MPC57xxx/src_common/freemaster_tsa.o
 .debug_abbrev  0x00000d72       0xb5 ./FreeMaster_MPC57xxx/src_platforms/MPC57xx/freemaster_MPC57xx.o
 .debug_abbrev  0x00000e27       0x14 ./Project_Settings/Startup_Code/core0_intc_sw_handlers.o
 .debug_abbrev  0x00000e3b       0x14 ./Project_Settings/Startup_Code/interrupt_vectors.o
 .debug_abbrev  0x00000e4f       0x12 ./Project_Settings/Startup_Code/startup_MPC5748G.o
 .debug_abbrev  0x00000e61      0x155 ./SDK/platform/devices/MPC5748G/startup/system_MPC5748G.o
 .debug_abbrev  0x00000fb6      0x133 ./SDK/platform/devices/startup.o
 .debug_abbrev  0x000010e9      0x3b4 ./SDK/platform/drivers/src/clock/MPC57xx/clock_MPC57xx.o
 .debug_abbrev  0x0000149d      0x250 ./SDK/platform/drivers/src/interrupt/interrupt_manager_MPC57xx.o
 .debug_abbrev  0x000016ed      0x2eb ./SDK/platform/drivers/src/pins/siul2/pins_siul2_driver.o
 .debug_abbrev  0x000019d8      0x1c2 ./SDK/platform/drivers/src/pins/siul2/siul2_hw_access.o
 .debug_abbrev  0x00001b9a       0x82 ./Sources/main.o

.debug_loc      0x00000000     0x8489
 .debug_loc     0x00000000      0x5bf ./FreeMaster_MPC57xxx/src_common/freemaster_appcmd.o
 .debug_loc     0x000005bf       0x42 ./FreeMaster_MPC57xxx/src_common/freemaster_lin.o
 .debug_loc     0x00000601     0x1d7c ./FreeMaster_MPC57xxx/src_common/freemaster_pipes.o
 .debug_loc     0x0000237d      0xa83 ./FreeMaster_MPC57xxx/src_common/freemaster_protocol.o
 .debug_loc     0x00002e00      0x3d8 ./FreeMaster_MPC57xxx/src_common/freemaster_rec.o
 .debug_loc     0x000031d8      0x1b3 ./FreeMaster_MPC57xxx/src_common/freemaster_scope.o
 .debug_loc     0x0000338b      0x25c ./FreeMaster_MPC57xxx/src_common/freemaster_serial.o
 .debug_loc     0x000035e7       0x42 ./FreeMaster_MPC57xxx/src_common/freemaster_tsa.o
 .debug_loc     0x00003629      0x43a ./FreeMaster_MPC57xxx/src_platforms/MPC57xx/freemaster_MPC57xx.o
 .debug_loc     0x00003a63      0x1c0 ./SDK/platform/devices/MPC5748G/startup/system_MPC5748G.o
 .debug_loc     0x00003c23      0x181 ./SDK/platform/devices/startup.o
 .debug_loc     0x00003da4     0x39a1 ./SDK/platform/drivers/src/clock/MPC57xx/clock_MPC57xx.o
 .debug_loc     0x00007745      0x559 ./SDK/platform/drivers/src/interrupt/interrupt_manager_MPC57xx.o
 .debug_loc     0x00007c9e      0x4cb ./SDK/platform/drivers/src/pins/siul2/pins_siul2_driver.o
 .debug_loc     0x00008169      0x320 ./SDK/platform/drivers/src/pins/siul2/siul2_hw_access.o

.debug_aranges  0x00000000      0x600
 .debug_aranges
                0x00000000       0x68 ./FreeMaster_MPC57xxx/src_common/freemaster_appcmd.o
 .debug_aranges
                0x00000068       0x28 ./FreeMaster_MPC57xxx/src_common/freemaster_lin.o
 .debug_aranges
                0x00000090       0xe0 ./FreeMaster_MPC57xxx/src_common/freemaster_pipes.o
 .debug_aranges
                0x00000170       0x70 ./FreeMaster_MPC57xxx/src_common/freemaster_protocol.o
 .debug_aranges
                0x000001e0       0xa0 ./FreeMaster_MPC57xxx/src_common/freemaster_rec.o
 .debug_aranges
                0x00000280       0x30 ./FreeMaster_MPC57xxx/src_common/freemaster_scope.o
 .debug_aranges
                0x000002b0       0x50 ./FreeMaster_MPC57xxx/src_common/freemaster_serial.o
 .debug_aranges
                0x00000300       0x28 ./FreeMaster_MPC57xxx/src_common/freemaster_tsa.o
 .debug_aranges
                0x00000328       0x40 ./FreeMaster_MPC57xxx/src_platforms/MPC57xx/freemaster_MPC57xx.o
 .debug_aranges
                0x00000368       0x20 ./Project_Settings/Startup_Code/core0_intc_sw_handlers.o
 .debug_aranges
                0x00000388       0x20 ./Project_Settings/Startup_Code/interrupt_vectors.o
 .debug_aranges
                0x000003a8       0x28 ./Project_Settings/Startup_Code/startup_MPC5748G.o
 .debug_aranges
                0x000003d0       0x30 ./SDK/platform/devices/MPC5748G/startup/system_MPC5748G.o
 .debug_aranges
                0x00000400       0x20 ./SDK/platform/devices/startup.o
 .debug_aranges
                0x00000420       0x78 ./SDK/platform/drivers/src/clock/MPC57xx/clock_MPC57xx.o
 .debug_aranges
                0x00000498       0x80 ./SDK/platform/drivers/src/interrupt/interrupt_manager_MPC57xx.o
 .debug_aranges
                0x00000518       0xa0 ./SDK/platform/drivers/src/pins/siul2/pins_siul2_driver.o
 .debug_aranges
                0x000005b8       0x28 ./SDK/platform/drivers/src/pins/siul2/siul2_hw_access.o
 .debug_aranges
                0x000005e0       0x20 ./Sources/main.o

.debug_ranges   0x00000000      0x788
 .debug_ranges  0x00000000       0x58 ./FreeMaster_MPC57xxx/src_common/freemaster_appcmd.o
 .debug_ranges  0x00000058       0x18 ./FreeMaster_MPC57xxx/src_common/freemaster_lin.o
 .debug_ranges  0x00000070      0x208 ./FreeMaster_MPC57xxx/src_common/freemaster_pipes.o
 .debug_ranges  0x00000278       0x60 ./FreeMaster_MPC57xxx/src_common/freemaster_protocol.o
 .debug_ranges  0x000002d8       0x90 ./FreeMaster_MPC57xxx/src_common/freemaster_rec.o
 .debug_ranges  0x00000368       0x20 ./FreeMaster_MPC57xxx/src_common/freemaster_scope.o
 .debug_ranges  0x00000388       0x40 ./FreeMaster_MPC57xxx/src_common/freemaster_serial.o
 .debug_ranges  0x000003c8       0x18 ./FreeMaster_MPC57xxx/src_common/freemaster_tsa.o
 .debug_ranges  0x000003e0       0x30 ./FreeMaster_MPC57xxx/src_platforms/MPC57xx/freemaster_MPC57xx.o
 .debug_ranges  0x00000410       0x20 ./Project_Settings/Startup_Code/startup_MPC5748G.o
 .debug_ranges  0x00000430       0x20 ./SDK/platform/devices/MPC5748G/startup/system_MPC5748G.o
 .debug_ranges  0x00000450       0x10 ./SDK/platform/devices/startup.o
 .debug_ranges  0x00000460      0x1e8 ./SDK/platform/drivers/src/clock/MPC57xx/clock_MPC57xx.o
 .debug_ranges  0x00000648       0x70 ./SDK/platform/drivers/src/interrupt/interrupt_manager_MPC57xx.o
 .debug_ranges  0x000006b8       0x90 ./SDK/platform/drivers/src/pins/siul2/pins_siul2_driver.o
 .debug_ranges  0x00000748       0x30 ./SDK/platform/drivers/src/pins/siul2/siul2_hw_access.o
 .debug_ranges  0x00000778       0x10 ./Sources/main.o

.debug_macro    0x00000000     0x2591
 .debug_macro   0x00000000       0x86 ./FreeMaster_MPC57xxx/src_common/freemaster_appcmd.o
 .debug_macro   0x00000086      0x61c ./FreeMaster_MPC57xxx/src_common/freemaster_appcmd.o
 .debug_macro   0x000006a2       0x52 ./FreeMaster_MPC57xxx/src_common/freemaster_appcmd.o
 .debug_macro   0x000006f4       0xa0 ./FreeMaster_MPC57xxx/src_common/freemaster_appcmd.o
 .debug_macro   0x00000794       0x16 ./FreeMaster_MPC57xxx/src_common/freemaster_appcmd.o
 .debug_macro   0x000007aa       0x10 ./FreeMaster_MPC57xxx/src_common/freemaster_appcmd.o
 .debug_macro   0x000007ba      0x109 ./FreeMaster_MPC57xxx/src_common/freemaster_appcmd.o
 .debug_macro   0x000008c3      0x116 ./FreeMaster_MPC57xxx/src_common/freemaster_appcmd.o
 .debug_macro   0x000009d9      0x189 ./FreeMaster_MPC57xxx/src_common/freemaster_appcmd.o
 .debug_macro   0x00000b62       0x34 ./FreeMaster_MPC57xxx/src_common/freemaster_appcmd.o
 .debug_macro   0x00000b96       0x10 ./FreeMaster_MPC57xxx/src_common/freemaster_appcmd.o
 .debug_macro   0x00000ba6      0x34e ./FreeMaster_MPC57xxx/src_common/freemaster_appcmd.o
 .debug_macro   0x00000ef4       0x3c ./FreeMaster_MPC57xxx/src_common/freemaster_appcmd.o
 .debug_macro   0x00000f30      0x228 ./FreeMaster_MPC57xxx/src_common/freemaster_appcmd.o
 .debug_macro   0x00001158       0x86 ./FreeMaster_MPC57xxx/src_common/freemaster_lin.o
 .debug_macro   0x000011de      0x115 ./FreeMaster_MPC57xxx/src_common/freemaster_pipes.o
 .debug_macro   0x000012f3       0x5e ./FreeMaster_MPC57xxx/src_common/freemaster_pipes.o
 .debug_macro   0x00001351      0x1aa ./FreeMaster_MPC57xxx/src_common/freemaster_pipes.o
 .debug_macro   0x000014fb      0x13a ./FreeMaster_MPC57xxx/src_common/freemaster_pipes.o
 .debug_macro   0x00001635       0x16 ./FreeMaster_MPC57xxx/src_common/freemaster_pipes.o
 .debug_macro   0x0000164b       0x22 ./FreeMaster_MPC57xxx/src_common/freemaster_pipes.o
 .debug_macro   0x0000166d       0x86 ./FreeMaster_MPC57xxx/src_common/freemaster_protocol.o
 .debug_macro   0x000016f3       0x96 ./FreeMaster_MPC57xxx/src_common/freemaster_rec.o
 .debug_macro   0x00001789       0x10 ./FreeMaster_MPC57xxx/src_common/freemaster_rec.o
 .debug_macro   0x00001799       0x86 ./FreeMaster_MPC57xxx/src_common/freemaster_scope.o
 .debug_macro   0x0000181f       0x98 ./FreeMaster_MPC57xxx/src_common/freemaster_serial.o
 .debug_macro   0x000018b7       0x86 ./FreeMaster_MPC57xxx/src_common/freemaster_tsa.o
 .debug_macro   0x0000193d       0x81 ./FreeMaster_MPC57xxx/src_platforms/MPC57xx/freemaster_MPC57xx.o
 .debug_macro   0x000019be      0x10a ./SDK/platform/devices/MPC5748G/startup/system_MPC5748G.o
 .debug_macro   0x00001ac8       0x22 ./SDK/platform/devices/MPC5748G/startup/system_MPC5748G.o
 .debug_macro   0x00001aea      0x13b ./SDK/platform/devices/startup.o
 .debug_macro   0x00001c25       0x58 ./SDK/platform/devices/startup.o
 .debug_macro   0x00001c7d      0x186 ./SDK/platform/drivers/src/clock/MPC57xx/clock_MPC57xx.o
 .debug_macro   0x00001e03       0x28 ./SDK/platform/drivers/src/clock/MPC57xx/clock_MPC57xx.o
 .debug_macro   0x00001e2b      0x159 ./SDK/platform/drivers/src/interrupt/interrupt_manager_MPC57xx.o
 .debug_macro   0x00001f84      0x1af ./SDK/platform/drivers/src/interrupt/interrupt_manager_MPC57xx.o
 .debug_macro   0x00002133      0x162 ./SDK/platform/drivers/src/pins/siul2/pins_siul2_driver.o
 .debug_macro   0x00002295       0x10 ./SDK/platform/drivers/src/pins/siul2/pins_siul2_driver.o
 .debug_macro   0x000022a5      0x14e ./SDK/platform/drivers/src/pins/siul2/siul2_hw_access.o
 .debug_macro   0x000023f3      0x19e ./Sources/main.o

.debug_line     0x00000000     0x4fa6
 .debug_line    0x00000000      0x378 ./FreeMaster_MPC57xxx/src_common/freemaster_appcmd.o
 .debug_line    0x00000378      0x281 ./FreeMaster_MPC57xxx/src_common/freemaster_lin.o
 .debug_line    0x000005f9      0x94c ./FreeMaster_MPC57xxx/src_common/freemaster_pipes.o
 .debug_line    0x00000f45      0x3b7 ./FreeMaster_MPC57xxx/src_common/freemaster_protocol.o
 .debug_line    0x000012fc      0x468 ./FreeMaster_MPC57xxx/src_common/freemaster_rec.o
 .debug_line    0x00001764      0x2c2 ./FreeMaster_MPC57xxx/src_common/freemaster_scope.o
 .debug_line    0x00001a26      0x3a5 ./FreeMaster_MPC57xxx/src_common/freemaster_serial.o
 .debug_line    0x00001dcb      0x281 ./FreeMaster_MPC57xxx/src_common/freemaster_tsa.o
 .debug_line    0x0000204c      0x2b0 ./FreeMaster_MPC57xxx/src_platforms/MPC57xx/freemaster_MPC57xx.o
 .debug_line    0x000022fc      0x160 ./Project_Settings/Startup_Code/core0_intc_sw_handlers.o
 .debug_line    0x0000245c       0x73 ./Project_Settings/Startup_Code/interrupt_vectors.o
 .debug_line    0x000024cf       0xd4 ./Project_Settings/Startup_Code/startup_MPC5748G.o
 .debug_line    0x000025a3      0x3ae ./SDK/platform/devices/MPC5748G/startup/system_MPC5748G.o
 .debug_line    0x00002951      0x34c ./SDK/platform/devices/startup.o
 .debug_line    0x00002c9d      0xd76 ./SDK/platform/drivers/src/clock/MPC57xx/clock_MPC57xx.o
 .debug_line    0x00003a13      0x53e ./SDK/platform/drivers/src/interrupt/interrupt_manager_MPC57xx.o
 .debug_line    0x00003f51      0x644 ./SDK/platform/drivers/src/pins/siul2/pins_siul2_driver.o
 .debug_line    0x00004595      0x436 ./SDK/platform/drivers/src/pins/siul2/siul2_hw_access.o
 .debug_line    0x000049cb      0x5db ./Sources/main.o

.debug_str      0x00000000   0x112a14
 .debug_str     0x00000000     0x6d4c ./FreeMaster_MPC57xxx/src_common/freemaster_appcmd.o
                               0x6daa (size before relaxing)
 .debug_str     0x00006d4c       0xb0 ./FreeMaster_MPC57xxx/src_common/freemaster_lin.o
                               0x6b13 (size before relaxing)
 .debug_str     0x00006dfc     0x1471 ./FreeMaster_MPC57xxx/src_common/freemaster_pipes.o
                               0x7f82 (size before relaxing)
 .debug_str     0x0000826d      0x249 ./FreeMaster_MPC57xxx/src_common/freemaster_protocol.o
                               0x6d97 (size before relaxing)
 .debug_str     0x000084b6      0x3d1 ./FreeMaster_MPC57xxx/src_common/freemaster_rec.o
                               0x6f5c (size before relaxing)
 .debug_str     0x00008887       0xb0 ./FreeMaster_MPC57xxx/src_common/freemaster_scope.o
                               0x6b89 (size before relaxing)
 .debug_str     0x00008937      0x2d5 ./FreeMaster_MPC57xxx/src_common/freemaster_serial.o
                               0x6dbc (size before relaxing)
 .debug_str     0x00008c0c       0xc0 ./FreeMaster_MPC57xxx/src_common/freemaster_tsa.o
                               0x6b39 (size before relaxing)
 .debug_str     0x00008ccc       0xbd ./FreeMaster_MPC57xxx/src_platforms/MPC57xx/freemaster_MPC57xx.o
                               0x624e (size before relaxing)
 .debug_str     0x00008d89   0x102826 ./SDK/platform/devices/MPC5748G/startup/system_MPC5748G.o
                             0x107da8 (size before relaxing)
 .debug_str     0x0010b5af      0x4f8 ./SDK/platform/devices/startup.o
                             0x105ea1 (size before relaxing)
 .debug_str     0x0010baa7     0x5f66 ./SDK/platform/drivers/src/clock/MPC57xx/clock_MPC57xx.o
                             0x10bcf4 (size before relaxing)
 .debug_str     0x00111a0d      0x3f7 ./SDK/platform/drivers/src/interrupt/interrupt_manager_MPC57xx.o
                             0x107edb (size before relaxing)
 .debug_str     0x00111e04      0xb30 ./SDK/platform/drivers/src/pins/siul2/pins_siul2_driver.o
                             0x106fd0 (size before relaxing)
 .debug_str     0x00112934       0x66 ./SDK/platform/drivers/src/pins/siul2/siul2_hw_access.o
                             0x1063eb (size before relaxing)
 .debug_str     0x0011299a       0x7a ./Sources/main.o
                             0x108ca1 (size before relaxing)

.debug_frame    0x00000000      0xdc0
 .debug_frame   0x00000000      0x128 ./FreeMaster_MPC57xxx/src_common/freemaster_appcmd.o
 .debug_frame   0x00000128       0x30 ./FreeMaster_MPC57xxx/src_common/freemaster_lin.o
 .debug_frame   0x00000158      0x364 ./FreeMaster_MPC57xxx/src_common/freemaster_pipes.o
 .debug_frame   0x000004bc      0x164 ./FreeMaster_MPC57xxx/src_common/freemaster_protocol.o
 .debug_frame   0x00000620      0x15c ./FreeMaster_MPC57xxx/src_common/freemaster_rec.o
 .debug_frame   0x0000077c       0x54 ./FreeMaster_MPC57xxx/src_common/freemaster_scope.o
 .debug_frame   0x000007d0       0xe0 ./FreeMaster_MPC57xxx/src_common/freemaster_serial.o
 .debug_frame   0x000008b0       0x30 ./FreeMaster_MPC57xxx/src_common/freemaster_tsa.o
 .debug_frame   0x000008e0       0x70 ./FreeMaster_MPC57xxx/src_platforms/MPC57xx/freemaster_MPC57xx.o
 .debug_frame   0x00000950       0x40 ./SDK/platform/devices/MPC5748G/startup/system_MPC5748G.o
 .debug_frame   0x00000990       0x2c ./SDK/platform/devices/startup.o
 .debug_frame   0x000009bc      0x17c ./SDK/platform/drivers/src/clock/MPC57xx/clock_MPC57xx.o
 .debug_frame   0x00000b38       0xe0 ./SDK/platform/drivers/src/interrupt/interrupt_manager_MPC57xx.o
 .debug_frame   0x00000c18      0x148 ./SDK/platform/drivers/src/pins/siul2/pins_siul2_driver.o
 .debug_frame   0x00000d60       0x30 ./SDK/platform/drivers/src/pins/siul2/siul2_hw_access.o
 .debug_frame   0x00000d90       0x30 ./Sources/main.o
