17:42:25 **** Build of configuration Debug for project FlowControlWorkShop_Z4_0 ****
make -j8 all 
Building file: ../Sources/main.c
Building file: ../SDK/platform/drivers/src/pins/siul2/pins_siul2_driver.c
Building file: ../SDK/platform/drivers/src/pins/siul2/siul2_hw_access.c
Building file: ../SDK/platform/drivers/src/interrupt/interrupt_manager_MPC57xx.c
Building file: ../SDK/platform/drivers/src/clock/MPC57xx/clock_MPC57xx.c
Invoking: Standard S32DS C Compiler
Invoking: Standard S32DS C Compiler
powerpc-eabivle-gcc "@Sources/main.args" -MMD -MP -MF"Sources/main.d" -MT"Sources/main.o" -o "Sources/main.o" "../Sources/main.c"
Invoking: Standard S32DS C Compiler
Invoking: Standard S32DS C Compiler
powerpc-eabivle-gcc "@SDK/platform/drivers/src/pins/siul2/pins_siul2_driver.args" -MMD -MP -MF"SDK/platform/drivers/src/pins/siul2/pins_siul2_driver.d" -MT"SDK/platform/drivers/src/pins/siul2/pins_siul2_driver.o" -o "SDK/platform/drivers/src/pins/siul2/pins_siul2_driver.o" "../SDK/platform/drivers/src/pins/siul2/pins_siul2_driver.c"
Invoking: Standard S32DS C Compiler
powerpc-eabivle-gcc "@SDK/platform/drivers/src/pins/siul2/pins_siul2_driver.args" -MMD -MP -MF"SDK/platform/drivers/src/pins/siul2/siul2_hw_access.d" -MT"SDK/platform/drivers/src/pins/siul2/siul2_hw_access.o" -o "SDK/platform/drivers/src/pins/siul2/siul2_hw_access.o" "../SDK/platform/drivers/src/pins/siul2/siul2_hw_access.c"
powerpc-eabivle-gcc "@SDK/platform/drivers/src/clock/MPC57xx/clock_MPC57xx.args" -MMD -MP -MF"SDK/platform/drivers/src/clock/MPC57xx/clock_MPC57xx.d" -MT"SDK/platform/drivers/src/clock/MPC57xx/clock_MPC57xx.o" -o "SDK/platform/drivers/src/clock/MPC57xx/clock_MPC57xx.o" "../SDK/platform/drivers/src/clock/MPC57xx/clock_MPC57xx.c"
Building file: ../SDK/platform/devices/MPC5748G/startup/system_MPC5748G.c
powerpc-eabivle-gcc "@SDK/platform/drivers/src/interrupt/interrupt_manager_MPC57xx.args" -MMD -MP -MF"SDK/platform/drivers/src/interrupt/interrupt_manager_MPC57xx.d" -MT"SDK/platform/drivers/src/interrupt/interrupt_manager_MPC57xx.o" -o "SDK/platform/drivers/src/interrupt/interrupt_manager_MPC57xx.o" "../SDK/platform/drivers/src/interrupt/interrupt_manager_MPC57xx.c"
Invoking: Standard S32DS C Compiler
Building file: ../SDK/platform/devices/startup.c
powerpc-eabivle-gcc "@SDK/platform/devices/MPC5748G/startup/system_MPC5748G.args" -MMD -MP -MF"SDK/platform/devices/MPC5748G/startup/system_MPC5748G.d" -MT"SDK/platform/devices/MPC5748G/startup/system_MPC5748G.o" -o "SDK/platform/devices/MPC5748G/startup/system_MPC5748G.o" "../SDK/platform/devices/MPC5748G/startup/system_MPC5748G.c"
Invoking: Standard S32DS C Compiler
Building file: ../Project_Settings/Startup_Code/core0_intc_sw_handlers.S
powerpc-eabivle-gcc "@SDK/platform/devices/startup.args" -MMD -MP -MF"SDK/platform/devices/startup.d" -MT"SDK/platform/devices/startup.o" -o "SDK/platform/devices/startup.o" "../SDK/platform/devices/startup.c"
Invoking: Standard S32DS Assembler
powerpc-eabivle-gcc "@Project_Settings/Startup_Code/core0_intc_sw_handlers.args" -o "Project_Settings/Startup_Code/core0_intc_sw_handlers.o" "../Project_Settings/Startup_Code/core0_intc_sw_handlers.S"
Finished building: ../Sources/main.c
Finished building: ../SDK/platform/drivers/src/pins/siul2/siul2_hw_access.c
Finished building: ../SDK/platform/drivers/src/pins/siul2/pins_siul2_driver.c
Finished building: ../Project_Settings/Startup_Code/core0_intc_sw_handlers.S
Finished building: ../SDK/platform/drivers/src/interrupt/interrupt_manager_MPC57xx.c
 
 
 
 
 
Finished building: ../SDK/platform/devices/MPC5748G/startup/system_MPC5748G.c
Building file: ../Project_Settings/Startup_Code/interrupt_vectors.S
Building file: ../Project_Settings/Startup_Code/startup_MPC5748G.S
Building file: ../Generated_Code/Cpu.c
 
Finished building: ../SDK/platform/devices/startup.c
Invoking: Standard S32DS C Compiler
Invoking: Standard S32DS Assembler
Invoking: Standard S32DS Assembler
powerpc-eabivle-gcc "@Project_Settings/Startup_Code/core0_intc_sw_handlers.args" -o "Project_Settings/Startup_Code/interrupt_vectors.o" "../Project_Settings/Startup_Code/interrupt_vectors.S"
Building file: ../Generated_Code/clockMan1.c
 
powerpc-eabivle-gcc "@Generated_Code/Cpu.args" -MMD -MP -MF"Generated_Code/Cpu.d" -MT"Generated_Code/Cpu.o" -o "Generated_Code/Cpu.o" "../Generated_Code/Cpu.c"
powerpc-eabivle-gcc "@Project_Settings/Startup_Code/core0_intc_sw_handlers.args" -o "Project_Settings/Startup_Code/startup_MPC5748G.o" "../Project_Settings/Startup_Code/startup_MPC5748G.S"
Invoking: Standard S32DS C Compiler
powerpc-eabivle-gcc "@Generated_Code/Cpu.args" -MMD -MP -MF"Generated_Code/clockMan1.d" -MT"Generated_Code/clockMan1.o" -o "Generated_Code/clockMan1.o" "../Generated_Code/clockMan1.c"
Building file: ../Generated_Code/pin_mux.c
Building file: C:/NXP/S32DS_Power_v2.1/S32DS/software/FreeMASTER_Serial_Communication_Driver_V2_0/src_platforms/MPC57xx/freemaster_MPC57xx.c
Building file: C:/NXP/S32DS_Power_v2.1/S32DS/software/FreeMASTER_Serial_Communication_Driver_V2_0/src_common/freemaster_appcmd.c
Finished building: ../SDK/platform/drivers/src/clock/MPC57xx/clock_MPC57xx.c
Invoking: Standard S32DS C Compiler
Invoking: Standard S32DS C Compiler
Invoking: Standard S32DS C Compiler
powerpc-eabivle-gcc "@FreeMaster_MPC57xxx/src_platforms/MPC57xx/freemaster_MPC57xx.args" -MMD -MP -MF"FreeMaster_MPC57xxx/src_platforms/MPC57xx/freemaster_MPC57xx.d" -MT"FreeMaster_MPC57xxx/src_platforms/MPC57xx/freemaster_MPC57xx.o" -o "FreeMaster_MPC57xxx/src_platforms/MPC57xx/freemaster_MPC57xx.o" "C:/NXP/S32DS_Power_v2.1/S32DS/software/FreeMASTER_Serial_Communication_Driver_V2_0/src_platforms/MPC57xx/freemaster_MPC57xx.c"
Finished building: ../Project_Settings/Startup_Code/interrupt_vectors.S
powerpc-eabivle-gcc "@FreeMaster_MPC57xxx/src_common/freemaster_appcmd.args" -MMD -MP -MF"FreeMaster_MPC57xxx/src_common/freemaster_appcmd.d" -MT"FreeMaster_MPC57xxx/src_common/freemaster_appcmd.o" -o "FreeMaster_MPC57xxx/src_common/freemaster_appcmd.o" "C:/NXP/S32DS_Power_v2.1/S32DS/software/FreeMASTER_Serial_Communication_Driver_V2_0/src_common/freemaster_appcmd.c"
Finished building: ../Project_Settings/Startup_Code/startup_MPC5748G.S
 
powerpc-eabivle-gcc "@Generated_Code/Cpu.args" -MMD -MP -MF"Generated_Code/pin_mux.d" -MT"Generated_Code/pin_mux.o" -o "Generated_Code/pin_mux.o" "../Generated_Code/pin_mux.c"
 
Building file: C:/NXP/S32DS_Power_v2.1/S32DS/software/FreeMASTER_Serial_Communication_Driver_V2_0/src_common/freemaster_bdm.c
 
Invoking: Standard S32DS C Compiler
Building file: C:/NXP/S32DS_Power_v2.1/S32DS/software/FreeMASTER_Serial_Communication_Driver_V2_0/src_common/freemaster_can.c
powerpc-eabivle-gcc "@FreeMaster_MPC57xxx/src_common/freemaster_bdm.args" -MMD -MP -MF"FreeMaster_MPC57xxx/src_common/freemaster_bdm.d" -MT"FreeMaster_MPC57xxx/src_common/freemaster_bdm.o" -o "FreeMaster_MPC57xxx/src_common/freemaster_bdm.o" "C:/NXP/S32DS_Power_v2.1/S32DS/software/FreeMASTER_Serial_Communication_Driver_V2_0/src_common/freemaster_bdm.c"
Invoking: Standard S32DS C Compiler
powerpc-eabivle-gcc "@FreeMaster_MPC57xxx/src_common/freemaster_can.args" -MMD -MP -MF"FreeMaster_MPC57xxx/src_common/freemaster_can.d" -MT"FreeMaster_MPC57xxx/src_common/freemaster_can.o" -o "FreeMaster_MPC57xxx/src_common/freemaster_can.o" "C:/NXP/S32DS_Power_v2.1/S32DS/software/FreeMASTER_Serial_Communication_Driver_V2_0/src_common/freemaster_can.c"
Building file: C:/NXP/S32DS_Power_v2.1/S32DS/software/FreeMASTER_Serial_Communication_Driver_V2_0/src_common/freemaster_lin.c
Invoking: Standard S32DS C Compiler
Finished building: C:/NXP/S32DS_Power_v2.1/S32DS/software/FreeMASTER_Serial_Communication_Driver_V2_0/src_common/freemaster_appcmd.c
powerpc-eabivle-gcc "@FreeMaster_MPC57xxx/src_common/freemaster_lin.args" -MMD -MP -MF"FreeMaster_MPC57xxx/src_common/freemaster_lin.d" -MT"FreeMaster_MPC57xxx/src_common/freemaster_lin.o" -o "FreeMaster_MPC57xxx/src_common/freemaster_lin.o" "C:/NXP/S32DS_Power_v2.1/S32DS/software/FreeMASTER_Serial_Communication_Driver_V2_0/src_common/freemaster_lin.c"
Finished building: C:/NXP/S32DS_Power_v2.1/S32DS/software/FreeMASTER_Serial_Communication_Driver_V2_0/src_platforms/MPC57xx/freemaster_MPC57xx.c
 
 
Finished building: C:/NXP/S32DS_Power_v2.1/S32DS/software/FreeMASTER_Serial_Communication_Driver_V2_0/src_common/freemaster_can.c
Finished building: ../Generated_Code/Cpu.c
Building file: C:/NXP/S32DS_Power_v2.1/S32DS/software/FreeMASTER_Serial_Communication_Driver_V2_0/src_common/freemaster_pipes.c
Finished building: C:/NXP/S32DS_Power_v2.1/S32DS/software/FreeMASTER_Serial_Communication_Driver_V2_0/src_common/freemaster_bdm.c
 
 
Invoking: Standard S32DS C Compiler
 
Building file: C:/NXP/S32DS_Power_v2.1/S32DS/software/FreeMASTER_Serial_Communication_Driver_V2_0/src_common/freemaster_protocol.c
powerpc-eabivle-gcc "@FreeMaster_MPC57xxx/src_common/freemaster_pipes.args" -MMD -MP -MF"FreeMaster_MPC57xxx/src_common/freemaster_pipes.d" -MT"FreeMaster_MPC57xxx/src_common/freemaster_pipes.o" -o "FreeMaster_MPC57xxx/src_common/freemaster_pipes.o" "C:/NXP/S32DS_Power_v2.1/S32DS/software/FreeMASTER_Serial_Communication_Driver_V2_0/src_common/freemaster_pipes.c"
Finished building: ../Generated_Code/clockMan1.c
Building file: C:/NXP/S32DS_Power_v2.1/S32DS/software/FreeMASTER_Serial_Communication_Driver_V2_0/src_common/freemaster_rec.c
Finished building: C:/NXP/S32DS_Power_v2.1/S32DS/software/FreeMASTER_Serial_Communication_Driver_V2_0/src_common/freemaster_lin.c
Invoking: Standard S32DS C Compiler
 
Building file: C:/NXP/S32DS_Power_v2.1/S32DS/software/FreeMASTER_Serial_Communication_Driver_V2_0/src_common/freemaster_scope.c
Invoking: Standard S32DS C Compiler
powerpc-eabivle-gcc "@FreeMaster_MPC57xxx/src_common/freemaster_protocol.args" -MMD -MP -MF"FreeMaster_MPC57xxx/src_common/freemaster_protocol.d" -MT"FreeMaster_MPC57xxx/src_common/freemaster_protocol.o" -o "FreeMaster_MPC57xxx/src_common/freemaster_protocol.o" "C:/NXP/S32DS_Power_v2.1/S32DS/software/FreeMASTER_Serial_Communication_Driver_V2_0/src_common/freemaster_protocol.c"
 
powerpc-eabivle-gcc "@FreeMaster_MPC57xxx/src_common/freemaster_rec.args" -MMD -MP -MF"FreeMaster_MPC57xxx/src_common/freemaster_rec.d" -MT"FreeMaster_MPC57xxx/src_common/freemaster_rec.o" -o "FreeMaster_MPC57xxx/src_common/freemaster_rec.o" "C:/NXP/S32DS_Power_v2.1/S32DS/software/FreeMASTER_Serial_Communication_Driver_V2_0/src_common/freemaster_rec.c"
Invoking: Standard S32DS C Compiler
Finished building: ../Generated_Code/pin_mux.c
powerpc-eabivle-gcc "@FreeMaster_MPC57xxx/src_common/freemaster_scope.args" -MMD -MP -MF"FreeMaster_MPC57xxx/src_common/freemaster_scope.d" -MT"FreeMaster_MPC57xxx/src_common/freemaster_scope.o" -o "FreeMaster_MPC57xxx/src_common/freemaster_scope.o" "C:/NXP/S32DS_Power_v2.1/S32DS/software/FreeMASTER_Serial_Communication_Driver_V2_0/src_common/freemaster_scope.c"
 
Building file: C:/NXP/S32DS_Power_v2.1/S32DS/software/FreeMASTER_Serial_Communication_Driver_V2_0/src_common/freemaster_serial.c
Building file: C:/NXP/S32DS_Power_v2.1/S32DS/software/FreeMASTER_Serial_Communication_Driver_V2_0/src_common/freemaster_sfio.c
Building file: C:/NXP/S32DS_Power_v2.1/S32DS/software/FreeMASTER_Serial_Communication_Driver_V2_0/src_common/freemaster_tsa.c
Invoking: Standard S32DS C Compiler
Invoking: Standard S32DS C Compiler
Invoking: Standard S32DS C Compiler
powerpc-eabivle-gcc "@FreeMaster_MPC57xxx/src_common/freemaster_serial.args" -MMD -MP -MF"FreeMaster_MPC57xxx/src_common/freemaster_serial.d" -MT"FreeMaster_MPC57xxx/src_common/freemaster_serial.o" -o "FreeMaster_MPC57xxx/src_common/freemaster_serial.o" "C:/NXP/S32DS_Power_v2.1/S32DS/software/FreeMASTER_Serial_Communication_Driver_V2_0/src_common/freemaster_serial.c"
C:/NXP/S32DS_Power_v2.1/S32DS/software/FreeMASTER_Serial_Communication_Driver_V2_0/src_common/freemaster_pipes.c: In function 'FMSTR_PipeFrame':
powerpc-eabivle-gcc "@FreeMaster_MPC57xxx/src_common/freemaster_sfio.args" -MMD -MP -MF"FreeMaster_MPC57xxx/src_common/freemaster_sfio.d" -MT"FreeMaster_MPC57xxx/src_common/freemaster_sfio.o" -o "FreeMaster_MPC57xxx/src_common/freemaster_sfio.o" "C:/NXP/S32DS_Power_v2.1/S32DS/software/FreeMASTER_Serial_Communication_Driver_V2_0/src_common/freemaster_sfio.c"
C:/NXP/S32DS_Power_v2.1/S32DS/software/FreeMASTER_Serial_Communication_Driver_V2_0/src_common/freemaster_pipes.c:1332:16: warning: 'rp' may be used uninitialized in this function [-Wmaybe-uninitialized]
Finished building: C:/NXP/S32DS_Power_v2.1/S32DS/software/FreeMASTER_Serial_Communication_Driver_V2_0/src_common/freemaster_protocol.c
     pbuff->nRP = rp;
Finished building: C:/NXP/S32DS_Power_v2.1/S32DS/software/FreeMASTER_Serial_Communication_Driver_V2_0/src_common/freemaster_rec.c
                ^
powerpc-eabivle-gcc "@FreeMaster_MPC57xxx/src_common/freemaster_tsa.args" -MMD -MP -MF"FreeMaster_MPC57xxx/src_common/freemaster_tsa.d" -MT"FreeMaster_MPC57xxx/src_common/freemaster_tsa.o" -o "FreeMaster_MPC57xxx/src_common/freemaster_tsa.o" "C:/NXP/S32DS_Power_v2.1/S32DS/software/FreeMASTER_Serial_Communication_Driver_V2_0/src_common/freemaster_tsa.c"
C:/NXP/S32DS_Power_v2.1/S32DS/software/FreeMASTER_Serial_Communication_Driver_V2_0/src_common/freemaster_pipes.c:1309:28: note: 'rp' was declared here
Finished building: C:/NXP/S32DS_Power_v2.1/S32DS/software/FreeMASTER_Serial_Communication_Driver_V2_0/src_common/freemaster_scope.c
     FMSTR_PIPE_SIZE total, rp;
 
                            ^
 
 
Finished building: C:/NXP/S32DS_Power_v2.1/S32DS/software/FreeMASTER_Serial_Communication_Driver_V2_0/src_common/freemaster_pipes.c
 
Finished building: C:/NXP/S32DS_Power_v2.1/S32DS/software/FreeMASTER_Serial_Communication_Driver_V2_0/src_common/freemaster_serial.c
Finished building: C:/NXP/S32DS_Power_v2.1/S32DS/software/FreeMASTER_Serial_Communication_Driver_V2_0/src_common/freemaster_sfio.c
 
Finished building: C:/NXP/S32DS_Power_v2.1/S32DS/software/FreeMASTER_Serial_Communication_Driver_V2_0/src_common/freemaster_tsa.c
 
 
Building target: FlowControlWorkShop_Z4_0.elf
Invoking: Standard S32DS C Linker
powerpc-eabivle-gcc -o "FlowControlWorkShop_Z4_0.elf" "@FlowControlWorkShop_Z4_0.args"    
Finished building target: FlowControlWorkShop_Z4_0.elf
 
Invoking: Standard S32DS Print Size
powerpc-eabivle-size --format=berkeley FlowControlWorkShop_Z4_0.elf
   text	   data	    bss	    dec	    hex	filename
   5408	     56	   7204	  12668	   317c	FlowControlWorkShop_Z4_0.elf
Finished building: FlowControlWorkShop_Z4_0.siz
 
17:43:14 **** Incremental Build of configuration Debug for project FlowControlWorkShop_Z4_0 ****
make -j8 all 
Invoking: Standard S32DS Print Size
powerpc-eabivle-size --format=berkeley FlowControlWorkShop_Z4_0.elf
   text	   data	    bss	    dec	    hex	filename
   5408	     56	   7204	  12668	   317c	FlowControlWorkShop_Z4_0.elf
Finished building: FlowControlWorkShop_Z4_0.siz
 
